Archive member included to satisfy reference by file (symbol)

/opt/st/stm32cubeide_2.0.0/plugins/com.st.stm32cube.ide.mcu.externaltools.gnu-tools-for-stm32.13.3.rel1.linux64_1.0.100.202509120712/tools/bin/../lib/gcc/arm-none-eabi/13.3.1/../../../../arm-none-eabi/lib/thumb/v7e-m+fp/hard/libc_nano.a(libc_a-exit.o)
                              /opt/st/stm32cubeide_2.0.0/plugins/com.st.stm32cube.ide.mcu.externaltools.gnu-tools-for-stm32.13.3.rel1.linux64_1.0.100.202509120712/tools/bin/../lib/gcc/arm-none-eabi/13.3.1/../../../../arm-none-eabi/lib/thumb/v7e-m+fp/hard/crt0.o (exit)
/opt/st/stm32cubeide_2.0.0/plugins/com.st.stm32cube.ide.mcu.externaltools.gnu-tools-for-stm32.13.3.rel1.linux64_1.0.100.202509120712/tools/bin/../lib/gcc/arm-none-eabi/13.3.1/../../../../arm-none-eabi/lib/thumb/v7e-m+fp/hard/libc_nano.a(libc_a-findfp.o)
                              ./Middlewares/Third_Party/FreeRTOS/Source/tasks.o (__sf)
/opt/st/stm32cubeide_2.0.0/plugins/com.st.stm32cube.ide.mcu.externaltools.gnu-tools-for-stm32.13.3.rel1.linux64_1.0.100.202509120712/tools/bin/../lib/gcc/arm-none-eabi/13.3.1/../../../../arm-none-eabi/lib/thumb/v7e-m+fp/hard/libc_nano.a(libc_a-fwalk.o)
                              /opt/st/stm32cubeide_2.0.0/plugins/com.st.stm32cube.ide.mcu.externaltools.gnu-tools-for-stm32.13.3.rel1.linux64_1.0.100.202509120712/tools/bin/../lib/gcc/arm-none-eabi/13.3.1/../../../../arm-none-eabi/lib/thumb/v7e-m+fp/hard/libc_nano.a(libc_a-findfp.o) (_fwalk_sglue)
/opt/st/stm32cubeide_2.0.0/plugins/com.st.stm32cube.ide.mcu.externaltools.gnu-tools-for-stm32.13.3.rel1.linux64_1.0.100.202509120712/tools/bin/../lib/gcc/arm-none-eabi/13.3.1/../../../../arm-none-eabi/lib/thumb/v7e-m+fp/hard/libc_nano.a(libc_a-stdio.o)
                              /opt/st/stm32cubeide_2.0.0/plugins/com.st.stm32cube.ide.mcu.externaltools.gnu-tools-for-stm32.13.3.rel1.linux64_1.0.100.202509120712/tools/bin/../lib/gcc/arm-none-eabi/13.3.1/../../../../arm-none-eabi/lib/thumb/v7e-m+fp/hard/libc_nano.a(libc_a-findfp.o) (__sread)
/opt/st/stm32cubeide_2.0.0/plugins/com.st.stm32cube.ide.mcu.externaltools.gnu-tools-for-stm32.13.3.rel1.linux64_1.0.100.202509120712/tools/bin/../lib/gcc/arm-none-eabi/13.3.1/../../../../arm-none-eabi/lib/thumb/v7e-m+fp/hard/libc_nano.a(libc_a-memset.o)
                              /opt/st/stm32cubeide_2.0.0/plugins/com.st.stm32cube.ide.mcu.externaltools.gnu-tools-for-stm32.13.3.rel1.linux64_1.0.100.202509120712/tools/bin/../lib/gcc/arm-none-eabi/13.3.1/../../../../arm-none-eabi/lib/thumb/v7e-m+fp/hard/crt0.o (memset)
/opt/st/stm32cubeide_2.0.0/plugins/com.st.stm32cube.ide.mcu.externaltools.gnu-tools-for-stm32.13.3.rel1.linux64_1.0.100.202509120712/tools/bin/../lib/gcc/arm-none-eabi/13.3.1/../../../../arm-none-eabi/lib/thumb/v7e-m+fp/hard/libc_nano.a(libc_a-closer.o)
                              /opt/st/stm32cubeide_2.0.0/plugins/com.st.stm32cube.ide.mcu.externaltools.gnu-tools-for-stm32.13.3.rel1.linux64_1.0.100.202509120712/tools/bin/../lib/gcc/arm-none-eabi/13.3.1/../../../../arm-none-eabi/lib/thumb/v7e-m+fp/hard/libc_nano.a(libc_a-stdio.o) (_close_r)
/opt/st/stm32cubeide_2.0.0/plugins/com.st.stm32cube.ide.mcu.externaltools.gnu-tools-for-stm32.13.3.rel1.linux64_1.0.100.202509120712/tools/bin/../lib/gcc/arm-none-eabi/13.3.1/../../../../arm-none-eabi/lib/thumb/v7e-m+fp/hard/libc_nano.a(libc_a-reent.o)
                              ./Middlewares/Third_Party/FreeRTOS/Source/tasks.o (_reclaim_reent)
/opt/st/stm32cubeide_2.0.0/plugins/com.st.stm32cube.ide.mcu.externaltools.gnu-tools-for-stm32.13.3.rel1.linux64_1.0.100.202509120712/tools/bin/../lib/gcc/arm-none-eabi/13.3.1/../../../../arm-none-eabi/lib/thumb/v7e-m+fp/hard/libc_nano.a(libc_a-impure.o)
                              ./Middlewares/Third_Party/FreeRTOS/Source/tasks.o (_impure_ptr)
/opt/st/stm32cubeide_2.0.0/plugins/com.st.stm32cube.ide.mcu.externaltools.gnu-tools-for-stm32.13.3.rel1.linux64_1.0.100.202509120712/tools/bin/../lib/gcc/arm-none-eabi/13.3.1/../../../../arm-none-eabi/lib/thumb/v7e-m+fp/hard/libc_nano.a(libc_a-lseekr.o)
                              /opt/st/stm32cubeide_2.0.0/plugins/com.st.stm32cube.ide.mcu.externaltools.gnu-tools-for-stm32.13.3.rel1.linux64_1.0.100.202509120712/tools/bin/../lib/gcc/arm-none-eabi/13.3.1/../../../../arm-none-eabi/lib/thumb/v7e-m+fp/hard/libc_nano.a(libc_a-stdio.o) (_lseek_r)
/opt/st/stm32cubeide_2.0.0/plugins/com.st.stm32cube.ide.mcu.externaltools.gnu-tools-for-stm32.13.3.rel1.linux64_1.0.100.202509120712/tools/bin/../lib/gcc/arm-none-eabi/13.3.1/../../../../arm-none-eabi/lib/thumb/v7e-m+fp/hard/libc_nano.a(libc_a-readr.o)
                              /opt/st/stm32cubeide_2.0.0/plugins/com.st.stm32cube.ide.mcu.externaltools.gnu-tools-for-stm32.13.3.rel1.linux64_1.0.100.202509120712/tools/bin/../lib/gcc/arm-none-eabi/13.3.1/../../../../arm-none-eabi/lib/thumb/v7e-m+fp/hard/libc_nano.a(libc_a-stdio.o) (_read_r)
[...]
Memory Configuration

Name             Origin             Length             Attributes
RAM              0x20000000         0x00018000         xrw
RAM2             0x10000000         0x00008000         xrw
FLASH            0x08000000         0x00100000         xr
*default*        0x00000000         0xffffffff

Linker script and memory map

LOAD /opt/st/stm32cubeide_2.0.0/plugins/com.st.stm32cube.ide.mcu.externaltools.gnu-tools-for-stm32.13.3.rel1.linux64_1.0.100.202509120712/tools/bin/../lib/gcc/arm-none-eabi/13.3.1/thumb/v7e-m+fp/hard/crti.o
LOAD /opt/st/stm32cubeide_2.0.0/plugins/com.st.stm32cube.ide.mcu.externaltools.gnu-tools-for-stm32.13.3.rel1.linux64_1.0.100.202509120712/tools/bin/../lib/gcc/arm-none-eabi/13.3.1/thumb/v7e-m+fp/hard/crtbegin.o
LOAD /opt/st/stm32cubeide_2.0.0/plugins/com.st.stm32cube.ide.mcu.externaltools.gnu-tools-for-stm32.13.3.rel1.linux64_1.0.100.202509120712/tools/bin/../lib/gcc/arm-none-eabi/13.3.1/../../../../arm-none-eabi/lib/thumb/v7e-m+fp/hard/crt0.o
LOAD ./Core/Src/freertos.o
LOAD ./Core/Src/gpio.o
LOAD ./Core/Src/main.o
LOAD ./Core/Src/stm32l4xx_hal_msp.o
LOAD ./Core/Src/stm32l4xx_hal_timebase_tim.o
LOAD ./Core/Src/stm32l4xx_it.o
LOAD ./Core/Src/syscalls.o
LOAD ./Core/Src/sysmem.o
LOAD ./Core/Src/system_stm32l4xx.o
LOAD ./Core/Src/usart.o
LOAD ./Core/Startup/startup_stm32l476rgtx.o
LOAD ./Drivers/STM32L4xx_HAL_Driver/Src/stm32l4xx_hal.o
LOAD ./Drivers/STM32L4xx_HAL_Driver/Src/stm32l4xx_hal_cortex.o
LOAD ./Drivers/STM32L4xx_HAL_Driver/Src/stm32l4xx_hal_dma.o
LOAD ./Drivers/STM32L4xx_HAL_Driver/Src/stm32l4xx_hal_dma_ex.o
LOAD ./Drivers/STM32L4xx_HAL_Driver/Src/stm32l4xx_hal_exti.o
LOAD ./Drivers/STM32L4xx_HAL_Driver/Src/stm32l4xx_hal_flash.o
LOAD ./Drivers/STM32L4xx_HAL_Driver/Src/stm32l4xx_hal_flash_ex.o
LOAD ./Drivers/STM32L4xx_HAL_Driver/Src/stm32l4xx_hal_flash_ramfunc.o
LOAD ./Drivers/STM32L4xx_HAL_Driver/Src/stm32l4xx_hal_gpio.o
LOAD ./Drivers/STM32L4xx_HAL_Driver/Src/stm32l4xx_hal_i2c.o
LOAD ./Drivers/STM32L4xx_HAL_Driver/Src/stm32l4xx_hal_i2c_ex.o
LOAD ./Drivers/STM32L4xx_HAL_Driver/Src/stm32l4xx_hal_pwr.o
LOAD ./Drivers/STM32L4xx_HAL_Driver/Src/stm32l4xx_hal_pwr_ex.o
LOAD ./Drivers/STM32L4xx_HAL_Driver/Src/stm32l4xx_hal_rcc.o
LOAD ./Drivers/STM32L4xx_HAL_Driver/Src/stm32l4xx_hal_rcc_ex.o
LOAD ./Drivers/STM32L4xx_HAL_Driver/Src/stm32l4xx_hal_tim.o
LOAD ./Drivers/STM32L4xx_HAL_Driver/Src/stm32l4xx_hal_tim_ex.o
LOAD ./Drivers/STM32L4xx_HAL_Driver/Src/stm32l4xx_hal_uart.o
LOAD ./Drivers/STM32L4xx_HAL_Driver/Src/stm32l4xx_hal_uart_ex.o
LOAD ./Middlewares/Third_Party/FreeRTOS/Source/CMSIS_RTOS_V2/cmsis_os2.o
LOAD ./Middlewares/Third_Party/FreeRTOS/Source/croutine.o
LOAD ./Middlewares/Third_Party/FreeRTOS/Source/event_groups.o
LOAD ./Middlewares/Third_Party/FreeRTOS/Source/list.o
LOAD ./Middlewares/Third_Party/FreeRTOS/Source/queue.o
LOAD ./Middlewares/Third_Party/FreeRTOS/Source/stream_buffer.o
LOAD ./Middlewares/Third_Party/FreeRTOS/Source/tasks.o
LOAD ./Middlewares/Third_Party/FreeRTOS/Source/timers.o
LOAD ./Middlewares/Third_Party/FreeRTOS/Source/portable/GCC/ARM_CM4F/port.o
LOAD ./Middlewares/Third_Party/FreeRTOS/Source/portable/MemMang/heap_4.o
START GROUP
LOAD /opt/st/stm32cubeide_2.0.0/plugins/com.st.stm32cube.ide.mcu.externaltools.gnu-tools-for-stm32.13.3.rel1.linux64_1.0.100.202509120712/tools/bin/../lib/gcc/arm-none-eabi/13.3.1/../../../../arm-none-eabi/lib/thumb/v7e-m+fp/hard/libc_nano.a
LOAD /opt/st/stm32cubeide_2.0.0/plugins/com.st.stm32cube.ide.mcu.externaltools.gnu-tools-for-stm32.13.3.rel1.linux64_1.0.100.202509120712/tools/bin/../lib/gcc/arm-none-eabi/13.3.1/../../../../arm-none-eabi/lib/thumb/v7e-m+fp/hard/libm.a
END GROUP
START GROUP
LOAD /opt/st/stm32cubeide_2.0.0/plugins/com.st.stm32cube.ide.mcu.externaltools.gnu-tools-for-stm32.13.3.rel1.linux64_1.0.100.202509120712/tools/bin/../lib/gcc/arm-none-eabi/13.3.1/thumb/v7e-m+fp/hard/libgcc.a
LOAD /opt/st/stm32cubeide_2.0.0/plugins/com.st.stm32cube.ide.mcu.externaltools.gnu-tools-for-stm32.13.3.rel1.linux64_1.0.100.202509120712/tools/bin/../lib/gcc/arm-none-eabi/13.3.1/../../../../arm-none-eabi/lib/thumb/v7e-m+fp/hard/libc_nano.a
END GROUP
START GROUP
LOAD /opt/st/stm32cubeide_2.0.0/plugins/com.st.stm32cube.ide.mcu.externaltools.gnu-tools-for-stm32.13.3.rel1.linux64_1.0.100.202509120712/tools/bin/../lib/gcc/arm-none-eabi/13.3.1/thumb/v7e-m+fp/hard/libgcc.a
LOAD /opt/st/stm32cubeide_2.0.0/plugins/com.st.stm32cube.ide.mcu.externaltools.gnu-tools-for-stm32.13.3.rel1.linux64_1.0.100.202509120712/tools/bin/../lib/gcc/arm-none-eabi/13.3.1/../../../../arm-none-eabi/lib/thumb/v7e-m+fp/hard/libc_nano.a
LOAD /opt/st/stm32cubeide_2.0.0/plugins/com.st.stm32cube.ide.mcu.externaltools.gnu-tools-for-stm32.13.3.rel1.linux64_1.0.100.202509120712/tools/bin/../lib/gcc/arm-none-eabi/13.3.1/../../../../arm-none-eabi/lib/thumb/v7e-m+fp/hard/libnosys.a
END GROUP
START GROUP
LOAD /opt/st/stm32cubeide_2.0.0/plugins/com.st.stm32cube.ide.mcu.externaltools.gnu-tools-for-stm32.13.3.rel1.linux64_1.0.100.202509120712/tools/bin/../lib/gcc/arm-none-eabi/13.3.1/thumb/v7e-m+fp/hard/libgcc.a
LOAD /opt/st/stm32cubeide_2.0.0/plugins/com.st.stm32cube.ide.mcu.externaltools.gnu-tools-for-stm32.13.3.rel1.linux64_1.0.100.202509120712/tools/bin/../lib/gcc/arm-none-eabi/13.3.1/../../../../arm-none-eabi/lib/thumb/v7e-m+fp/hard/libc_nano.a
LOAD /opt/st/stm32cubeide_2.0.0/plugins/com.st.stm32cube.ide.mcu.externaltools.gnu-tools-for-stm32.13.3.rel1.linux64_1.0.100.202509120712/tools/bin/../lib/gcc/arm-none-eabi/13.3.1/../../../../arm-none-eabi/lib/thumb/v7e-m+fp/hard/libnosys.a
END GROUP
LOAD /opt/st/stm32cubeide_2.0.0/plugins/com.st.stm32cube.ide.mcu.externaltools.gnu-tools-for-stm32.13.3.rel1.linux64_1.0.100.202509120712/tools/bin/../lib/gcc/arm-none-eabi/13.3.1/thumb/v7e-m+fp/hard/crtend.o
LOAD /opt/st/stm32cubeide_2.0.0/plugins/com.st.stm32cube.ide.mcu.externaltools.gnu-tools-for-stm32.13.3.rel1.linux64_1.0.100.202509120712/tools/bin/../lib/gcc/arm-none-eabi/13.3.1/thumb/v7e-m+fp/hard/crtn.o
                0x20018000                        _estack = (ORIGIN (RAM) + LENGTH (RAM))
                0x00000200                        _Min_Heap_Size = 0x200
                0x00000400                        _Min_Stack_Size = 0x400

.isr_vector     0x08000000      0x188
                0x08000000                        . = ALIGN (0x4)
 *(.isr_vector)
 .isr_vector    0x08000000      0x188 ./Core/Startup/startup_stm32l476rgtx.o
                0x08000000                g_pfnVectors
                0x08000188                        . = ALIGN (0x4)

.text           0x08000190     0x6280
                0x08000190                        . = ALIGN (0x4)
 *(.text)
 .text          0x08000190       0x40 /opt/st/stm32cubeide_2.0.0/plugins/com.st.stm32cube.ide.mcu.externaltools.gnu-tools-for-stm32.13.3.rel1.linux64_1.0.100.202509120712/tools/bin/../lib/gcc/arm-none-eabi/13.3.1/thumb/v7e-m+fp/hard/crtbegin.o
 .text          0x080001d0       0x30 /opt/st/stm32cubeide_2.0.0/plugins/com.st.stm32cube.ide.mcu.externaltools.gnu-tools-for-stm32.13.3.rel1.linux64_1.0.100.202509120712/tools/bin/../lib/gcc/arm-none-eabi/13.3.1/thumb/v7e-m+fp/hard/libgcc.a(_aeabi_uldivmod.o)
                0x080001d0                __aeabi_uldivmod
 .text          0x08000200      0x2f8 /opt/st/stm32cubeide_2.0.0/plugins/com.st.stm32cube.ide.mcu.externaltools.gnu-tools-for-stm32.13.3.rel1.linux64_1.0.100.202509120712/tools/bin/../lib/gcc/arm-none-eabi/13.3.1/thumb/v7e-m+fp/hard/libgcc.a(_udivmoddi4.o)
                0x08000200                __udivmoddi4
 .text          0x080004f8        0x4 /opt/st/stm32cubeide_2.0.0/plugins/com.st.stm32cube.ide.mcu.externaltools.gnu-tools-for-stm32.13.3.rel1.linux64_1.0.100.202509120712/tools/bin/../lib/gcc/arm-none-eabi/13.3.1/thumb/v7e-m+fp/hard/libgcc.a(_dvmd_tls.o)
                0x080004f8                __aeabi_ldiv0
                0x080004f8                __aeabi_idiv0
 *(.text*)
 .text.MX_FREERTOS_Init
                0x080004fc       0x24 ./Core/Src/freertos.o
                0x080004fc                MX_FREERTOS_Init
 .text.StartDefaultTask
                0x08000520       0x10 ./Core/Src/freertos.o
                0x08000520                StartDefaultTask
 .text.MX_GPIO_Init
                0x08000530       0xcc ./Core/Src/gpio.o
                0x08000530                MX_GPIO_Init
 .text.main     0x080005fc       0x24 ./Core/Src/main.o
                0x080005fc                main
 .text.SystemClock_Config
                0x08000620       0xa2 ./Core/Src/main.o
                0x08000620                SystemClock_Config
 *fill*         0x080006c2        0x2 
 .text.HAL_TIM_PeriodElapsedCallback
                0x080006c4       0x24 ./Core/Src/main.o
                0x080006c4                HAL_TIM_PeriodElapsedCallback
 .text.Error_Handler
                0x080006e8        0xc ./Core/Src/main.o
                0x080006e8                Error_Handler
 .text.HAL_MspInit
                0x080006f4       0x50 ./Core/Src/stm32l4xx_hal_msp.o
                0x080006f4                HAL_MspInit
 .text.HAL_InitTick
                0x08000744       0xdc ./Core/Src/stm32l4xx_hal_timebase_tim.o
                0x08000744                HAL_InitTick
 .text.NMI_Handler
                0x08000820        0x8 ./Core/Src/stm32l4xx_it.o
                0x08000820                NMI_Handler
 .text.HardFault_Handler
                0x08000828        0x8 ./Core/Src/stm32l4xx_it.o
                0x08000828                HardFault_Handler
 .text.MemManage_Handler
                0x08000830        0x8 ./Core/Src/stm32l4xx_it.o
                0x08000830                MemManage_Handler
 .text.BusFault_Handler
                0x08000838        0x8 ./Core/Src/stm32l4xx_it.o
                0x08000838                BusFault_Handler
 .text.UsageFault_Handler
                0x08000840        0x8 ./Core/Src/stm32l4xx_it.o
                0x08000840                UsageFault_Handler
 .text.DebugMon_Handler
                0x08000848        0xe ./Core/Src/stm32l4xx_it.o
                0x08000848                DebugMon_Handler
 *fill*         0x08000856        0x2 
 .text.TIM1_UP_TIM16_IRQHandler
                0x08000858       0x14 ./Core/Src/stm32l4xx_it.o
                0x08000858                TIM1_UP_TIM16_IRQHandler
 .text.SystemInit
                0x0800086c       0x24 ./Core/Src/system_stm32l4xx.o
                0x0800086c                SystemInit
 .text.MX_USART2_UART_Init
                0x08000890       0x60 ./Core/Src/usart.o
                0x08000890                MX_USART2_UART_Init
 .text.HAL_UART_MspInit
                0x080008f0       0xb8 ./Core/Src/usart.o
                0x080008f0                HAL_UART_MspInit
 .text.Reset_Handler
                0x080009a8       0x50 ./Core/Startup/startup_stm32l476rgtx.o
                0x080009a8                Reset_Handler
 .text.Default_Handler
                0x080009f8        0x2 ./Core/Startup/startup_stm32l476rgtx.o
                0x080009f8                RTC_Alarm_IRQHandler
                0x080009f8                EXTI2_IRQHandler
                0x080009f8                TIM8_TRG_COM_IRQHandler
                0x080009f8                TIM8_CC_IRQHandler
                0x080009f8                TIM1_CC_IRQHandler
                0x080009f8                TSC_IRQHandler
                0x080009f8                TAMP_STAMP_IRQHandler
                0x080009f8                EXTI3_IRQHandler
                0x080009f8                LPTIM2_IRQHandler
                0x080009f8                DFSDM1_FLT1_IRQHandler
                0x080009f8                I2C3_ER_IRQHandler
                0x080009f8                DFSDM1_FLT2_IRQHandler
                0x080009f8                EXTI0_IRQHandler
                0x080009f8                I2C2_EV_IRQHandler
                0x080009f8                CAN1_RX0_IRQHandler
                0x080009f8                FPU_IRQHandler
                0x080009f8                ADC1_2_IRQHandler
                0x080009f8                SPI1_IRQHandler
                0x080009f8                TIM6_DAC_IRQHandler
                0x080009f8                TIM8_UP_IRQHandler
                0x080009f8                DMA2_Channel2_IRQHandler
                0x080009f8                DMA1_Channel4_IRQHandler
                0x080009f8                SAI2_IRQHandler
                0x080009f8                DFSDM1_FLT3_IRQHandler
                0x080009f8                USART3_IRQHandler
                0x080009f8                DMA1_Channel7_IRQHandler
                0x080009f8                CAN1_RX1_IRQHandler
                0x080009f8                LCD_IRQHandler
                0x080009f8                UART5_IRQHandler
                0x080009f8                ADC3_IRQHandler
                0x080009f8                TIM4_IRQHandler
                0x080009f8                DMA2_Channel1_IRQHandler
                0x080009f8                QUADSPI_IRQHandler
                0x080009f8                I2C1_EV_IRQHandler
                0x080009f8                DMA1_Channel6_IRQHandler
                0x080009f8                UART4_IRQHandler
                0x080009f8                DMA2_Channel4_IRQHandler
                0x080009f8                TIM3_IRQHandler
                0x080009f8                RCC_IRQHandler
                0x080009f8                DMA1_Channel1_IRQHandler
                0x080009f8                Default_Handler
                0x080009f8                DMA2_Channel7_IRQHandler
                0x080009f8                EXTI15_10_IRQHandler
                0x080009f8                TIM7_IRQHandler
                0x080009f8                SDMMC1_IRQHandler
                0x080009f8                TIM5_IRQHandler
                0x080009f8                I2C3_EV_IRQHandler
                0x080009f8                EXTI9_5_IRQHandler
                0x080009f8                RTC_WKUP_IRQHandler
                0x080009f8                PVD_PVM_IRQHandler
                0x080009f8                SPI2_IRQHandler
                0x080009f8                CAN1_TX_IRQHandler
                0x080009f8                DMA2_Channel5_IRQHandler
                0x080009f8                DMA1_Channel5_IRQHandler
                0x080009f8                EXTI4_IRQHandler
                0x080009f8                RNG_IRQHandler
                0x080009f8                TIM1_TRG_COM_TIM17_IRQHandler
                0x080009f8                DMA1_Channel3_IRQHandler
                0x080009f8                COMP_IRQHandler
                0x080009f8                WWDG_IRQHandler
                0x080009f8                LPUART1_IRQHandler
                0x080009f8                DMA2_Channel6_IRQHandler
                0x080009f8                TIM2_IRQHandler
                0x080009f8                EXTI1_IRQHandler
                0x080009f8                USART2_IRQHandler
                0x080009f8                DFSDM1_FLT0_IRQHandler
                0x080009f8                I2C2_ER_IRQHandler
                0x080009f8                DMA1_Channel2_IRQHandler
                0x080009f8                TIM8_BRK_IRQHandler
                0x080009f8                CAN1_SCE_IRQHandler
                0x080009f8                FLASH_IRQHandler
                0x080009f8                USART1_IRQHandler
                0x080009f8                OTG_FS_IRQHandler
                0x080009f8                SPI3_IRQHandler
                0x080009f8                I2C1_ER_IRQHandler
                0x080009f8                FMC_IRQHandler
                0x080009f8                SWPMI1_IRQHandler
                0x080009f8                LPTIM1_IRQHandler
                0x080009f8                SAI1_IRQHandler
                0x080009f8                DMA2_Channel3_IRQHandler
                0x080009f8                TIM1_BRK_TIM15_IRQHandler
 *fill*         0x080009fa        0x2 
 .text.HAL_Init
                0x080009fc       0x40 ./Drivers/STM32L4xx_HAL_Driver/Src/stm32l4xx_hal.o
                0x080009fc                HAL_Init
 .text.HAL_IncTick
                0x08000a3c       0x28 ./Drivers/STM32L4xx_HAL_Driver/Src/stm32l4xx_hal.o
                0x08000a3c                HAL_IncTick
 .text.HAL_GetTick
                0x08000a64       0x18 ./Drivers/STM32L4xx_HAL_Driver/Src/stm32l4xx_hal.o
                0x08000a64                HAL_GetTick
 .text.__NVIC_SetPriorityGrouping
                0x08000a7c       0x48 ./Drivers/STM32L4xx_HAL_Driver/Src/stm32l4xx_hal_cortex.o
 .text.__NVIC_GetPriorityGrouping
                0x08000ac4       0x1c ./Drivers/STM32L4xx_HAL_Driver/Src/stm32l4xx_hal_cortex.o
 .text.__NVIC_EnableIRQ
                0x08000ae0       0x3c ./Drivers/STM32L4xx_HAL_Driver/Src/stm32l4xx_hal_cortex.o
 .text.__NVIC_SetPriority
                0x08000b1c       0x54 ./Drivers/STM32L4xx_HAL_Driver/Src/stm32l4xx_hal_cortex.o
 .text.NVIC_EncodePriority
                0x08000b70       0x66 ./Drivers/STM32L4xx_HAL_Driver/Src/stm32l4xx_hal_cortex.o
 .text.HAL_NVIC_SetPriorityGrouping
                0x08000bd6       0x16 ./Drivers/STM32L4xx_HAL_Driver/Src/stm32l4xx_hal_cortex.o
                0x08000bd6                HAL_NVIC_SetPriorityGrouping
 .text.HAL_NVIC_SetPriority
                0x08000bec       0x38 ./Drivers/STM32L4xx_HAL_Driver/Src/stm32l4xx_hal_cortex.o
                0x08000bec                HAL_NVIC_SetPriority
 .text.HAL_NVIC_EnableIRQ
                0x08000c24       0x1c ./Drivers/STM32L4xx_HAL_Driver/Src/stm32l4xx_hal_cortex.o
                0x08000c24                HAL_NVIC_EnableIRQ
 .text.HAL_GPIO_Init
                0x08000c40      0x354 ./Drivers/STM32L4xx_HAL_Driver/Src/stm32l4xx_hal_gpio.o
                0x08000c40                HAL_GPIO_Init
 .text.HAL_GPIO_WritePin
                0x08000f94       0x30 ./Drivers/STM32L4xx_HAL_Driver/Src/stm32l4xx_hal_gpio.o
                0x08000f94                HAL_GPIO_WritePin
 .text.HAL_PWREx_GetVoltageRange
                0x08000fc4       0x1c ./Drivers/STM32L4xx_HAL_Driver/Src/stm32l4xx_hal_pwr_ex.o
                0x08000fc4                HAL_PWREx_GetVoltageRange
 .text.HAL_PWREx_ControlVoltageScaling
                0x08000fe0       0xac ./Drivers/STM32L4xx_HAL_Driver/Src/stm32l4xx_hal_pwr_ex.o
                0x08000fe0                HAL_PWREx_ControlVoltageScaling
 .text.HAL_RCC_OscConfig
                0x0800108c      0x7b8 ./Drivers/STM32L4xx_HAL_Driver/Src/stm32l4xx_hal_rcc.o
                0x0800108c                HAL_RCC_OscConfig
 .text.HAL_RCC_ClockConfig
                0x08001844      0x200 ./Drivers/STM32L4xx_HAL_Driver/Src/stm32l4xx_hal_rcc.o
                0x08001844                HAL_RCC_ClockConfig
 .text.HAL_RCC_GetSysClockFreq
                0x08001a44      0x118 ./Drivers/STM32L4xx_HAL_Driver/Src/stm32l4xx_hal_rcc.o
                0x08001a44                HAL_RCC_GetSysClockFreq
 .text.HAL_RCC_GetHCLKFreq
                0x08001b5c       0x18 ./Drivers/STM32L4xx_HAL_Driver/Src/stm32l4xx_hal_rcc.o
                0x08001b5c                HAL_RCC_GetHCLKFreq
 .text.HAL_RCC_GetPCLK1Freq
                0x08001b74       0x2c ./Drivers/STM32L4xx_HAL_Driver/Src/stm32l4xx_hal_rcc.o
                0x08001b74                HAL_RCC_GetPCLK1Freq
 .text.HAL_RCC_GetPCLK2Freq
                0x08001ba0       0x2c ./Drivers/STM32L4xx_HAL_Driver/Src/stm32l4xx_hal_rcc.o
                0x08001ba0                HAL_RCC_GetPCLK2Freq
 .text.HAL_RCC_GetClockConfig
                0x08001bcc       0x64 ./Drivers/STM32L4xx_HAL_Driver/Src/stm32l4xx_hal_rcc.o
                0x08001bcc                HAL_RCC_GetClockConfig
 .text.RCC_SetFlashLatencyFromMSIRange
                0x08001c30       0xc0 ./Drivers/STM32L4xx_HAL_Driver/Src/stm32l4xx_hal_rcc.o
 .text.HAL_RCCEx_PeriphCLKConfig
                0x08001cf0      0x5d4 ./Drivers/STM32L4xx_HAL_Driver/Src/stm32l4xx_hal_rcc_ex.o
                0x08001cf0                HAL_RCCEx_PeriphCLKConfig
 .text.RCCEx_PLLSAI1_Config
                0x080022c4      0x1e8 ./Drivers/STM32L4xx_HAL_Driver/Src/stm32l4xx_hal_rcc_ex.o
 .text.RCCEx_PLLSAI2_Config
                0x080024ac      0x1bc ./Drivers/STM32L4xx_HAL_Driver/Src/stm32l4xx_hal_rcc_ex.o
 .text.HAL_TIM_Base_Init
                0x08002668       0xae ./Drivers/STM32L4xx_HAL_Driver/Src/stm32l4xx_hal_tim.o
                0x08002668                HAL_TIM_Base_Init
 .text.HAL_TIM_Base_MspInit
                0x08002716       0x14 ./Drivers/STM32L4xx_HAL_Driver/Src/stm32l4xx_hal_tim.o
                0x08002716                HAL_TIM_Base_MspInit
 *fill*         0x0800272a        0x2 
 .text.HAL_TIM_Base_Start_IT
                0x0800272c       0xe0 ./Drivers/STM32L4xx_HAL_Driver/Src/stm32l4xx_hal_tim.o
                0x0800272c                HAL_TIM_Base_Start_IT
 .text.HAL_TIM_IRQHandler
                0x0800280c      0x20e ./Drivers/STM32L4xx_HAL_Driver/Src/stm32l4xx_hal_tim.o
                0x0800280c                HAL_TIM_IRQHandler
 .text.HAL_TIM_OC_DelayElapsedCallback
                0x08002a1a       0x14 ./Drivers/STM32L4xx_HAL_Driver/Src/stm32l4xx_hal_tim.o
                0x08002a1a                HAL_TIM_OC_DelayElapsedCallback
 .text.HAL_TIM_IC_CaptureCallback
                0x08002a2e       0x14 ./Drivers/STM32L4xx_HAL_Driver/Src/stm32l4xx_hal_tim.o
                0x08002a2e                HAL_TIM_IC_CaptureCallback
 .text.HAL_TIM_PWM_PulseFinishedCallback
                0x08002a42       0x14 ./Drivers/STM32L4xx_HAL_Driver/Src/stm32l4xx_hal_tim.o
                0x08002a42                HAL_TIM_PWM_PulseFinishedCallback
 .text.HAL_TIM_TriggerCallback
                0x08002a56       0x14 ./Drivers/STM32L4xx_HAL_Driver/Src/stm32l4xx_hal_tim.o
                0x08002a56                HAL_TIM_TriggerCallback
 *fill*         0x08002a6a        0x2 
 .text.TIM_Base_SetConfig
                0x08002a6c      0x140 ./Drivers/STM32L4xx_HAL_Driver/Src/stm32l4xx_hal_tim.o
                0x08002a6c                TIM_Base_SetConfig
 .text.HAL_TIMEx_CommutCallback
                0x08002bac       0x14 ./Drivers/STM32L4xx_HAL_Driver/Src/stm32l4xx_hal_tim_ex.o
                0x08002bac                HAL_TIMEx_CommutCallback
 .text.HAL_TIMEx_BreakCallback
                0x08002bc0       0x14 ./Drivers/STM32L4xx_HAL_Driver/Src/stm32l4xx_hal_tim_ex.o
                0x08002bc0                HAL_TIMEx_BreakCallback
 .text.HAL_TIMEx_Break2Callback
                0x08002bd4       0x14 ./Drivers/STM32L4xx_HAL_Driver/Src/stm32l4xx_hal_tim_ex.o
                0x08002bd4                HAL_TIMEx_Break2Callback
 .text.HAL_UART_Init
                0x08002be8       0x9c ./Drivers/STM32L4xx_HAL_Driver/Src/stm32l4xx_hal_uart.o
                0x08002be8                HAL_UART_Init
 .text.UART_SetConfig
                0x08002c84      0x570 ./Drivers/STM32L4xx_HAL_Driver/Src/stm32l4xx_hal_uart.o
                0x08002c84                UART_SetConfig
 .text.UART_AdvFeatureConfig
                0x080031f4      0x144 ./Drivers/STM32L4xx_HAL_Driver/Src/stm32l4xx_hal_uart.o
                0x080031f4                UART_AdvFeatureConfig
 .text.UART_CheckIdleState
                0x08003338      0x150 ./Drivers/STM32L4xx_HAL_Driver/Src/stm32l4xx_hal_uart.o
                0x08003338                UART_CheckIdleState
 .text.UART_WaitOnFlagUntilTimeout
                0x08003488       0xda ./Drivers/STM32L4xx_HAL_Driver/Src/stm32l4xx_hal_uart.o
                0x08003488                UART_WaitOnFlagUntilTimeout
 .text.UART_EndRxTransfer
                0x08003562       0xc8 ./Drivers/STM32L4xx_HAL_Driver/Src/stm32l4xx_hal_uart.o
 *fill*         0x0800362a        0x2 
 .text.__NVIC_SetPriority
                0x0800362c       0x54 ./Middlewares/Third_Party/FreeRTOS/Source/CMSIS_RTOS_V2/cmsis_os2.o
 .text.SysTick_Handler
                0x08003680       0x20 ./Middlewares/Third_Party/FreeRTOS/Source/CMSIS_RTOS_V2/cmsis_os2.o
                0x08003680                SysTick_Handler
 .text.SVC_Setup
                0x080036a0       0x12 ./Middlewares/Third_Party/FreeRTOS/Source/CMSIS_RTOS_V2/cmsis_os2.o
 *fill*         0x080036b2        0x2 
 .text.osKernelInitialize
                0x080036b4       0x48 ./Middlewares/Third_Party/FreeRTOS/Source/CMSIS_RTOS_V2/cmsis_os2.o
                0x080036b4                osKernelInitialize
 .text.osKernelStart
                0x080036fc       0x4c ./Middlewares/Third_Party/FreeRTOS/Source/CMSIS_RTOS_V2/cmsis_os2.o
                0x080036fc                osKernelStart
 .text.osThreadNew
                0x08003748      0x124 ./Middlewares/Third_Party/FreeRTOS/Source/CMSIS_RTOS_V2/cmsis_os2.o
                0x08003748                osThreadNew
 .text.osDelay  0x0800386c       0x36 ./Middlewares/Third_Party/FreeRTOS/Source/CMSIS_RTOS_V2/cmsis_os2.o
                0x0800386c                osDelay
 *fill*         0x080038a2        0x2 
 .text.vApplicationGetIdleTaskMemory
                0x080038a4       0x34 ./Middlewares/Third_Party/FreeRTOS/Source/CMSIS_RTOS_V2/cmsis_os2.o
                0x080038a4                vApplicationGetIdleTaskMemory
 .text.vApplicationGetTimerTaskMemory
                0x080038d8       0x34 ./Middlewares/Third_Party/FreeRTOS/Source/CMSIS_RTOS_V2/cmsis_os2.o
                0x080038d8                vApplicationGetTimerTaskMemory
 .text.vListInitialise
                0x0800390c       0x40 ./Middlewares/Third_Party/FreeRTOS/Source/list.o
                0x0800390c                vListInitialise
 .text.vListInitialiseItem
                0x0800394c       0x1a ./Middlewares/Third_Party/FreeRTOS/Source/list.o
                0x0800394c                vListInitialiseItem
 .text.vListInsertEnd
                0x08003966       0x48 ./Middlewares/Third_Party/FreeRTOS/Source/list.o
                0x08003966                vListInsertEnd
 .text.vListInsert
                0x080039ae       0x72 ./Middlewares/Third_Party/FreeRTOS/Source/list.o
                0x080039ae                vListInsert
 .text.uxListRemove
                0x08003a20       0x54 ./Middlewares/Third_Party/FreeRTOS/Source/list.o
                0x08003a20                uxListRemove
 .text.xQueueGenericReset
                0x08003a74       0xd4 ./Middlewares/Third_Party/FreeRTOS/Source/queue.o
                0x08003a74                xQueueGenericReset
 .text.xQueueGenericCreateStatic
                0x08003b48       0xfa ./Middlewares/Third_Party/FreeRTOS/Source/queue.o
                0x08003b48                xQueueGenericCreateStatic
 .text.prvInitialiseNewQueue
                0x08003c42       0x46 ./Middlewares/Third_Party/FreeRTOS/Source/queue.o
 .text.xQueueGenericSend
                0x08003c88      0x204 ./Middlewares/Third_Party/FreeRTOS/Source/queue.o
                0x08003c88                xQueueGenericSend
 .text.xQueueGenericSendFromISR
                0x08003e8c      0x13c ./Middlewares/Third_Party/FreeRTOS/Source/queue.o
                0x08003e8c                xQueueGenericSendFromISR
 .text.xQueueReceive
                0x08003fc8      0x1c4 ./Middlewares/Third_Party/FreeRTOS/Source/queue.o
                0x08003fc8                xQueueReceive
 .text.prvCopyDataToQueue
                0x0800418c       0xd4 ./Middlewares/Third_Party/FreeRTOS/Source/queue.o
 .text.prvCopyDataFromQueue
                0x08004260       0x4c ./Middlewares/Third_Party/FreeRTOS/Source/queue.o
 .text.prvUnlockQueue
                0x080042ac       0xa4 ./Middlewares/Third_Party/FreeRTOS/Source/queue.o
 .text.prvIsQueueEmpty
                0x08004350       0x2c ./Middlewares/Third_Party/FreeRTOS/Source/queue.o
 .text.prvIsQueueFull
                0x0800437c       0x30 ./Middlewares/Third_Party/FreeRTOS/Source/queue.o
 .text.vQueueAddToRegistry
                0x080043ac       0x54 ./Middlewares/Third_Party/FreeRTOS/Source/queue.o
                0x080043ac                vQueueAddToRegistry
 .text.vQueueWaitForMessageRestricted
                0x08004400       0x68 ./Middlewares/Third_Party/FreeRTOS/Source/queue.o
                0x08004400                vQueueWaitForMessageRestricted
 .text.xTaskCreateStatic
                0x08004468       0xc0 ./Middlewares/Third_Party/FreeRTOS/Source/tasks.o
                0x08004468                xTaskCreateStatic
 .text.xTaskCreate
                0x08004528       0x8a ./Middlewares/Third_Party/FreeRTOS/Source/tasks.o
                0x08004528                xTaskCreate
 *fill*         0x080045b2        0x2 
 .text.prvInitialiseNewTask
                0x080045b4      0x150 ./Middlewares/Third_Party/FreeRTOS/Source/tasks.o
 .text.prvAddNewTaskToReadyList
                0x08004704       0xe0 ./Middlewares/Third_Party/FreeRTOS/Source/tasks.o
 .text.vTaskDelay
                0x080047e4       0x6c ./Middlewares/Third_Party/FreeRTOS/Source/tasks.o
                0x080047e4                vTaskDelay
 .text.vTaskStartScheduler
                0x08004850       0xe0 ./Middlewares/Third_Party/FreeRTOS/Source/tasks.o
                0x08004850                vTaskStartScheduler
 .text.vTaskSuspendAll
                0x08004930       0x1c ./Middlewares/Third_Party/FreeRTOS/Source/tasks.o
                0x08004930                vTaskSuspendAll
 .text.xTaskResumeAll
                0x0800494c      0x13c ./Middlewares/Third_Party/FreeRTOS/Source/tasks.o
                0x0800494c                xTaskResumeAll
 .text.xTaskGetTickCount
                0x08004a88       0x20 ./Middlewares/Third_Party/FreeRTOS/Source/tasks.o
                0x08004a88                xTaskGetTickCount
 .text.xTaskIncrementTick
                0x08004aa8      0x174 ./Middlewares/Third_Party/FreeRTOS/Source/tasks.o
                0x08004aa8                xTaskIncrementTick
 .text.vTaskSwitchContext
                0x08004c1c       0xcc ./Middlewares/Third_Party/FreeRTOS/Source/tasks.o
                0x08004c1c                vTaskSwitchContext
 .text.vTaskPlaceOnEventList
                0x08004ce8       0x4c ./Middlewares/Third_Party/FreeRTOS/Source/tasks.o
                0x08004ce8                vTaskPlaceOnEventList
 .text.vTaskPlaceOnEventListRestricted
                0x08004d34       0x58 ./Middlewares/Third_Party/FreeRTOS/Source/tasks.o
                0x08004d34                vTaskPlaceOnEventListRestricted
 .text.xTaskRemoveFromEventList
                0x08004d8c       0xc8 ./Middlewares/Third_Party/FreeRTOS/Source/tasks.o
                0x08004d8c                xTaskRemoveFromEventList
 .text.vTaskInternalSetTimeOutState
                0x08004e54       0x2c ./Middlewares/Third_Party/FreeRTOS/Source/tasks.o
                0x08004e54                vTaskInternalSetTimeOutState
 .text.xTaskCheckForTimeOut
                0x08004e80       0xc8 ./Middlewares/Third_Party/FreeRTOS/Source/tasks.o
                0x08004e80                xTaskCheckForTimeOut
 .text.vTaskMissedYield
                0x08004f48       0x18 ./Middlewares/Third_Party/FreeRTOS/Source/tasks.o
                0x08004f48                vTaskMissedYield
 .text.prvIdleTask
                0x08004f60       0x30 ./Middlewares/Third_Party/FreeRTOS/Source/tasks.o
 .text.prvInitialiseTaskLists
                0x08004f90       0x80 ./Middlewares/Third_Party/FreeRTOS/Source/tasks.o
 .text.prvCheckTasksWaitingTermination
                0x08005010       0x5c ./Middlewares/Third_Party/FreeRTOS/Source/tasks.o
 .text.prvDeleteTCB
                0x0800506c       0x6a ./Middlewares/Third_Party/FreeRTOS/Source/tasks.o
 *fill*         0x080050d6        0x2 
 .text.prvResetNextTaskUnblockTime
                0x080050d8       0x40 ./Middlewares/Third_Party/FreeRTOS/Source/tasks.o
 .text.xTaskGetSchedulerState
                0x08005118       0x3c ./Middlewares/Third_Party/FreeRTOS/Source/tasks.o
                0x08005118                xTaskGetSchedulerState
 .text.xTaskPriorityDisinherit
                0x08005154       0xe0 ./Middlewares/Third_Party/FreeRTOS/Source/tasks.o
                0x08005154                xTaskPriorityDisinherit
 .text.prvAddCurrentTaskToDelayedList
                0x08005234       0xa8 ./Middlewares/Third_Party/FreeRTOS/Source/tasks.o
 .text.xTimerCreateTimerTask
                0x080052dc       0x94 ./Middlewares/Third_Party/FreeRTOS/Source/timers.o
                0x080052dc                xTimerCreateTimerTask
 .text.xTimerGenericCommand
                0x08005370       0x9c ./Middlewares/Third_Party/FreeRTOS/Source/timers.o
                0x08005370                xTimerGenericCommand
 .text.prvProcessExpiredTimer
                0x0800540c       0x9c ./Middlewares/Third_Party/FreeRTOS/Source/timers.o
 .text.prvTimerTask
                0x080054a8       0x26 ./Middlewares/Third_Party/FreeRTOS/Source/timers.o
 *fill*         0x080054ce        0x2 
 .text.prvProcessTimerOrBlockTask
                0x080054d0       0x9c ./Middlewares/Third_Party/FreeRTOS/Source/timers.o
 .text.prvGetNextExpireTime
                0x0800556c       0x48 ./Middlewares/Third_Party/FreeRTOS/Source/timers.o
 .text.prvSampleTimeNow
                0x080055b4       0x40 ./Middlewares/Third_Party/FreeRTOS/Source/timers.o
 .text.prvInsertTimerInActiveList
                0x080055f4       0x84 ./Middlewares/Third_Party/FreeRTOS/Source/timers.o
 .text.prvProcessReceivedCommands
                0x08005678      0x1cc ./Middlewares/Third_Party/FreeRTOS/Source/timers.o
 .text.prvSwitchTimerLists
                0x08005844       0xcc ./Middlewares/Third_Party/FreeRTOS/Source/timers.o
 .text.prvCheckForValidListAndQueue
                0x08005910       0x80 ./Middlewares/Third_Party/FreeRTOS/Source/timers.o
 .text.pxPortInitialiseStack
                0x08005990       0x68 ./Middlewares/Third_Party/FreeRTOS/Source/portable/GCC/ARM_CM4F/port.o
                0x08005990                pxPortInitialiseStack
 .text.prvTaskExitError
                0x080059f8       0x5c ./Middlewares/Third_Party/FreeRTOS/Source/portable/GCC/ARM_CM4F/port.o
 *fill*         0x08005a54        0xc 
 .text.SVC_Handler
                0x08005a60       0x28 ./Middlewares/Third_Party/FreeRTOS/Source/portable/GCC/ARM_CM4F/port.o
                0x08005a60                SVC_Handler
 .text.prvPortStartFirstTask
                0x08005a88       0x28 ./Middlewares/Third_Party/FreeRTOS/Source/portable/GCC/ARM_CM4F/port.o
 .text.xPortStartScheduler
                0x08005ab0      0x148 ./Middlewares/Third_Party/FreeRTOS/Source/portable/GCC/ARM_CM4F/port.o
                0x08005ab0                xPortStartScheduler
 .text.vPortEnterCritical
                0x08005bf8       0x64 ./Middlewares/Third_Party/FreeRTOS/Source/portable/GCC/ARM_CM4F/port.o
                0x08005bf8                vPortEnterCritical
 .text.vPortExitCritical
                0x08005c5c       0x54 ./Middlewares/Third_Party/FreeRTOS/Source/portable/GCC/ARM_CM4F/port.o
                0x08005c5c                vPortExitCritical
 .text.PendSV_Handler
                0x08005cb0       0x68 ./Middlewares/Third_Party/FreeRTOS/Source/portable/GCC/ARM_CM4F/port.o
                0x08005cb0                PendSV_Handler
 .text.xPortSysTickHandler
                0x08005d18       0x44 ./Middlewares/Third_Party/FreeRTOS/Source/portable/GCC/ARM_CM4F/port.o
                0x08005d18                xPortSysTickHandler
 .text.vPortSetupTimerInterrupt
                0x08005d5c       0x48 ./Middlewares/Third_Party/FreeRTOS/Source/portable/GCC/ARM_CM4F/port.o
                0x08005d5c                vPortSetupTimerInterrupt
 .text.vPortEnableVFP
                0x08005da4       0x14 ./Middlewares/Third_Party/FreeRTOS/Source/portable/GCC/ARM_CM4F/port.o
 .text.vPortValidateInterruptPriority
                0x08005db8       0x84 ./Middlewares/Third_Party/FreeRTOS/Source/portable/GCC/ARM_CM4F/port.o
                0x08005db8                vPortValidateInterruptPriority
 .text.pvPortMalloc
                0x08005e3c      0x19c ./Middlewares/Third_Party/FreeRTOS/Source/portable/MemMang/heap_4.o
                0x08005e3c                pvPortMalloc
 .text.vPortFree
                0x08005fd8       0xc8 ./Middlewares/Third_Party/FreeRTOS/Source/portable/MemMang/heap_4.o
                0x08005fd8                vPortFree
 .text.prvHeapInit
                0x080060a0       0xc4 ./Middlewares/Third_Party/FreeRTOS/Source/portable/MemMang/heap_4.o
 .text.prvInsertBlockIntoFreeList
                0x08006164       0xb4 ./Middlewares/Third_Party/FreeRTOS/Source/portable/MemMang/heap_4.o
 .text.memset   0x08006218       0x10 /opt/st/stm32cubeide_2.0.0/plugins/com.st.stm32cube.ide.mcu.externaltools.gnu-tools-for-stm32.13.3.rel1.linux64_1.0.100.202509120712/tools/bin/../lib/gcc/arm-none-eabi/13.3.1/../../../../arm-none-eabi/lib/thumb/v7e-m+fp/hard/libc_nano.a(libc_a-memset.o)
                0x08006218                memset
 .text._reclaim_reent
                0x08006228       0xbc /opt/st/stm32cubeide_2.0.0/plugins/com.st.stm32cube.ide.mcu.externaltools.gnu-tools-for-stm32.13.3.rel1.linux64_1.0.100.202509120712/tools/bin/../lib/gcc/arm-none-eabi/13.3.1/../../../../arm-none-eabi/lib/thumb/v7e-m+fp/hard/libc_nano.a(libc_a-reent.o)
                0x08006228                _reclaim_reent
 .text.__libc_init_array
                0x080062e4       0x48 /opt/st/stm32cubeide_2.0.0/plugins/com.st.stm32cube.ide.mcu.externaltools.gnu-tools-for-stm32.13.3.rel1.linux64_1.0.100.202509120712/tools/bin/../lib/gcc/arm-none-eabi/13.3.1/../../../../arm-none-eabi/lib/thumb/v7e-m+fp/hard/libc_nano.a(libc_a-init.o)
                0x080062e4                __libc_init_array
 .text.__retarget_lock_acquire_recursive
                0x0800632c        0x2 /opt/st/stm32cubeide_2.0.0/plugins/com.st.stm32cube.ide.mcu.externaltools.gnu-tools-for-stm32.13.3.rel1.linux64_1.0.100.202509120712/tools/bin/../lib/gcc/arm-none-eabi/13.3.1/../../../../arm-none-eabi/lib/thumb/v7e-m+fp/hard/libc_nano.a(libc_a-lock.o)
                0x0800632c                __retarget_lock_acquire_recursive
 .text.__retarget_lock_release_recursive
                0x0800632e        0x2 /opt/st/stm32cubeide_2.0.0/plugins/com.st.stm32cube.ide.mcu.externaltools.gnu-tools-for-stm32.13.3.rel1.linux64_1.0.100.202509120712/tools/bin/../lib/gcc/arm-none-eabi/13.3.1/../../../../arm-none-eabi/lib/thumb/v7e-m+fp/hard/libc_nano.a(libc_a-lock.o)
                0x0800632e                __retarget_lock_release_recursive
 .text.memcpy   0x08006330       0x1c /opt/st/stm32cubeide_2.0.0/plugins/com.st.stm32cube.ide.mcu.externaltools.gnu-tools-for-stm32.13.3.rel1.linux64_1.0.100.202509120712/tools/bin/../lib/gcc/arm-none-eabi/13.3.1/../../../../arm-none-eabi/lib/thumb/v7e-m+fp/hard/libc_nano.a(libc_a-memcpy-stub.o)
                0x08006330                memcpy
 .text._free_r  0x0800634c       0x94 /opt/st/stm32cubeide_2.0.0/plugins/com.st.stm32cube.ide.mcu.externaltools.gnu-tools-for-stm32.13.3.rel1.linux64_1.0.100.202509120712/tools/bin/../lib/gcc/arm-none-eabi/13.3.1/../../../../arm-none-eabi/lib/thumb/v7e-m+fp/hard/libc_nano.a(libc_a-freer.o)
                0x0800634c                _free_r
 .text.__malloc_lock
                0x080063e0        0xc /opt/st/stm32cubeide_2.0.0/plugins/com.st.stm32cube.ide.mcu.externaltools.gnu-tools-for-stm32.13.3.rel1.linux64_1.0.100.202509120712/tools/bin/../lib/gcc/arm-none-eabi/13.3.1/../../../../arm-none-eabi/lib/thumb/v7e-m+fp/hard/libc_nano.a(libc_a-mlock.o)
                0x080063e0                __malloc_lock
 .text.__malloc_unlock
                0x080063ec        0xc /opt/st/stm32cubeide_2.0.0/plugins/com.st.stm32cube.ide.mcu.externaltools.gnu-tools-for-stm32.13.3.rel1.linux64_1.0.100.202509120712/tools/bin/../lib/gcc/arm-none-eabi/13.3.1/../../../../arm-none-eabi/lib/thumb/v7e-m+fp/hard/libc_nano.a(libc_a-mlock.o)
                0x080063ec                __malloc_unlock
 *(.glue_7)
 .glue_7        0x080063f8        0x0 linker stubs
 *(.glue_7t)
 .glue_7t       0x080063f8        0x0 linker stubs
 *(.eh_frame)
 .eh_frame      0x080063f8        0x0 /opt/st/stm32cubeide_2.0.0/plugins/com.st.stm32cube.ide.mcu.externaltools.gnu-tools-for-stm32.13.3.rel1.linux64_1.0.100.202509120712/tools/bin/../lib/gcc/arm-none-eabi/13.3.1/thumb/v7e-m+fp/hard/crtbegin.o
 *(.init)
 .init          0x080063f8        0x4 /opt/st/stm32cubeide_2.0.0/plugins/com.st.stm32cube.ide.mcu.externaltools.gnu-tools-for-stm32.13.3.rel1.linux64_1.0.100.202509120712/tools/bin/../lib/gcc/arm-none-eabi/13.3.1/thumb/v7e-m+fp/hard/crti.o
                0x080063f8                _init
 .init          0x080063fc        0x8 /opt/st/stm32cubeide_2.0.0/plugins/com.st.stm32cube.ide.mcu.externaltools.gnu-tools-for-stm32.13.3.rel1.linux64_1.0.100.202509120712/tools/bin/../lib/gcc/arm-none-eabi/13.3.1/thumb/v7e-m+fp/hard/crtn.o
 *(.fini)
 .fini          0x08006404        0x4 /opt/st/stm32cubeide_2.0.0/plugins/com.st.stm32cube.ide.mcu.externaltools.gnu-tools-for-stm32.13.3.rel1.linux64_1.0.100.202509120712/tools/bin/../lib/gcc/arm-none-eabi/13.3.1/thumb/v7e-m+fp/hard/crti.o
                0x08006404                _fini
 .fini          0x08006408        0x8 /opt/st/stm32cubeide_2.0.0/plugins/com.st.stm32cube.ide.mcu.externaltools.gnu-tools-for-stm32.13.3.rel1.linux64_1.0.100.202509120712/tools/bin/../lib/gcc/arm-none-eabi/13.3.1/thumb/v7e-m+fp/hard/crtn.o
                0x08006410                        . = ALIGN (0x4)
                0x08006410                        _etext = .

.vfp11_veneer   0x08006410        0x0
 .vfp11_veneer  0x08006410        0x0 linker stubs

.v4_bx          0x08006410        0x0
 .v4_bx         0x08006410        0x0 linker stubs

.iplt           0x08006410        0x0
 .iplt          0x08006410        0x0 /opt/st/stm32cubeide_2.0.0/plugins/com.st.stm32cube.ide.mcu.externaltools.gnu-tools-for-stm32.13.3.rel1.linux64_1.0.100.202509120712/tools/bin/../lib/gcc/arm-none-eabi/13.3.1/thumb/v7e-m+fp/hard/crtbegin.o

.rodata         0x08006410       0x90
                0x08006410                        . = ALIGN (0x4)
 *(.rodata)
 .rodata        0x08006410        0xc ./Core/Src/freertos.o
 .rodata        0x0800641c        0x5 ./Middlewares/Third_Party/FreeRTOS/Source/tasks.o
 *fill*         0x08006421        0x3 
 .rodata        0x08006424        0xd ./Middlewares/Third_Party/FreeRTOS/Source/timers.o
 *(.rodata*)
 *fill*         0x08006431        0x3 
 .rodata.defaultTask_attributes
                0x08006434       0x24 ./Core/Src/freertos.o
                0x08006434                defaultTask_attributes
 .rodata.AHBPrescTable
                0x08006458       0x10 ./Core/Src/system_stm32l4xx.o
                0x08006458                AHBPrescTable
 .rodata.APBPrescTable
                0x08006468        0x8 ./Core/Src/system_stm32l4xx.o
                0x08006468                APBPrescTable
 .rodata.MSIRangeTable
                0x08006470       0x30 ./Core/Src/system_stm32l4xx.o
                0x08006470                MSIRangeTable
                0x080064a0                        . = ALIGN (0x4)

.ARM.extab      0x080064a0        0x0
                0x080064a0                        . = ALIGN (0x4)
 *(.ARM.extab* .gnu.linkonce.armextab.*)
                0x080064a0                        . = ALIGN (0x4)

.ARM            0x080064a0        0x8
                0x080064a0                        . = ALIGN (0x4)
                0x080064a0                        __exidx_start = .
 *(.ARM.exidx*)
 .ARM.exidx     0x080064a0        0x8 /opt/st/stm32cubeide_2.0.0/plugins/com.st.stm32cube.ide.mcu.externaltools.gnu-tools-for-stm32.13.3.rel1.linux64_1.0.100.202509120712/tools/bin/../lib/gcc/arm-none-eabi/13.3.1/thumb/v7e-m+fp/hard/libgcc.a(_udivmoddi4.o)
                0x080064a8                        __exidx_end = .
                0x080064a8                        . = ALIGN (0x4)

.preinit_array  0x080064a8        0x0
                0x080064a8                        . = ALIGN (0x4)
                0x080064a8                        PROVIDE (__preinit_array_start = .)
 *(.preinit_array*)
                0x080064a8                        PROVIDE (__preinit_array_end = .)
                0x080064a8                        . = ALIGN (0x4)

.init_array     0x080064a8        0x4
                0x080064a8                        . = ALIGN (0x4)
                0x080064a8                        PROVIDE (__init_array_start = .)
 *(SORT_BY_NAME(.init_array.*))
 *(.init_array*)
 .init_array    0x080064a8        0x4 /opt/st/stm32cubeide_2.0.0/plugins/com.st.stm32cube.ide.mcu.externaltools.gnu-tools-for-stm32.13.3.rel1.linux64_1.0.100.202509120712/tools/bin/../lib/gcc/arm-none-eabi/13.3.1/thumb/v7e-m+fp/hard/crtbegin.o
                0x080064ac                        PROVIDE (__init_array_end = .)
                0x080064ac                        . = ALIGN (0x4)

.fini_array     0x080064ac        0x4
                0x080064ac                        . = ALIGN (0x4)
                [!provide]                        PROVIDE (__fini_array_start = .)
 *(SORT_BY_NAME(.fini_array.*))
 *(.fini_array*)
 .fini_array    0x080064ac        0x4 /opt/st/stm32cubeide_2.0.0/plugins/com.st.stm32cube.ide.mcu.externaltools.gnu-tools-for-stm32.13.3.rel1.linux64_1.0.100.202509120712/tools/bin/../lib/gcc/arm-none-eabi/13.3.1/thumb/v7e-m+fp/hard/crtbegin.o
                [!provide]                        PROVIDE (__fini_array_end = .)
                0x080064b0                        . = ALIGN (0x4)
                0x080064b0                        _sidata = LOADADDR (.data)

.rel.dyn        0x080064b0        0x0
 .rel.iplt      0x080064b0        0x0 /opt/st/stm32cubeide_2.0.0/plugins/com.st.stm32cube.ide.mcu.externaltools.gnu-tools-for-stm32.13.3.rel1.linux64_1.0.100.202509120712/tools/bin/../lib/gcc/arm-none-eabi/13.3.1/thumb/v7e-m+fp/hard/crtbegin.o

.data           0x20000000       0x60 load address 0x080064b0
                0x20000000                        . = ALIGN (0x4)
                0x20000000                        _sdata = .
 *(.data)
 *(.data*)
 .data.SystemCoreClock
                0x20000000        0x4 ./Core/Src/system_stm32l4xx.o
                0x20000000                SystemCoreClock
 .data.uwTickPrio
                0x20000004        0x4 ./Drivers/STM32L4xx_HAL_Driver/Src/stm32l4xx_hal.o
                0x20000004                uwTickPrio
 .data.uwTickFreq
                0x20000008        0x1 ./Drivers/STM32L4xx_HAL_Driver/Src/stm32l4xx_hal.o
                0x20000008                uwTickFreq
 *fill*         0x20000009        0x3 
 .data.uxCriticalNesting
                0x2000000c        0x4 ./Middlewares/Third_Party/FreeRTOS/Source/portable/GCC/ARM_CM4F/port.o
 .data._impure_ptr
                0x20000010        0x4 /opt/st/stm32cubeide_2.0.0/plugins/com.st.stm32cube.ide.mcu.externaltools.gnu-tools-for-stm32.13.3.rel1.linux64_1.0.100.202509120712/tools/bin/../lib/gcc/arm-none-eabi/13.3.1/../../../../arm-none-eabi/lib/thumb/v7e-m+fp/hard/libc_nano.a(libc_a-impure.o)
                0x20000010                _impure_ptr
 .data._impure_data
                0x20000014       0x4c /opt/st/stm32cubeide_2.0.0/plugins/com.st.stm32cube.ide.mcu.externaltools.gnu-tools-for-stm32.13.3.rel1.linux64_1.0.100.202509120712/tools/bin/../lib/gcc/arm-none-eabi/13.3.1/../../../../arm-none-eabi/lib/thumb/v7e-m+fp/hard/libc_nano.a(libc_a-impure.o)
                0x20000014                _impure_data
 *(.RamFunc)
 *(.RamFunc*)
                0x20000060                        . = ALIGN (0x4)
                0x20000060                        _edata = .

.igot.plt       0x20000060        0x0 load address 0x08006510
 .igot.plt      0x20000060        0x0 /opt/st/stm32cubeide_2.0.0/plugins/com.st.stm32cube.ide.mcu.externaltools.gnu-tools-for-stm32.13.3.rel1.linux64_1.0.100.202509120712/tools/bin/../lib/gcc/arm-none-eabi/13.3.1/thumb/v7e-m+fp/hard/crtbegin.o
                0x20000060                        . = ALIGN (0x4)

.bss            0x20000060     0x1bd8 load address 0x08006510
                0x20000060                        _sbss = .
                0x20000060                        __bss_start__ = _sbss
 *(.bss)
 .bss           0x20000060       0x1c /opt/st/stm32cubeide_2.0.0/plugins/com.st.stm32cube.ide.mcu.externaltools.gnu-tools-for-stm32.13.3.rel1.linux64_1.0.100.202509120712/tools/bin/../lib/gcc/arm-none-eabi/13.3.1/thumb/v7e-m+fp/hard/crtbegin.o
 *(.bss*)
 .bss.defaultTaskHandle
                0x2000007c        0x4 ./Core/Src/freertos.o
                0x2000007c                defaultTaskHandle
 .bss.htim1     0x20000080       0x4c ./Core/Src/stm32l4xx_hal_timebase_tim.o
                0x20000080                htim1
 .bss.huart2    0x200000cc       0x88 ./Core/Src/usart.o
                0x200000cc                huart2
 .bss.uwTick    0x20000154        0x4 ./Drivers/STM32L4xx_HAL_Driver/Src/stm32l4xx_hal.o
                0x20000154                uwTick
 .bss.KernelState
                0x20000158        0x4 ./Middlewares/Third_Party/FreeRTOS/Source/CMSIS_RTOS_V2/cmsis_os2.o
 .bss.Idle_TCB.3
                0x2000015c       0xa8 ./Middlewares/Third_Party/FreeRTOS/Source/CMSIS_RTOS_V2/cmsis_os2.o
 .bss.Idle_Stack.2
                0x20000204      0x200 ./Middlewares/Third_Party/FreeRTOS/Source/CMSIS_RTOS_V2/cmsis_os2.o
 .bss.Timer_TCB.1
                0x20000404       0xa8 ./Middlewares/Third_Party/FreeRTOS/Source/CMSIS_RTOS_V2/cmsis_os2.o
 .bss.Timer_Stack.0
                0x200004ac      0x400 ./Middlewares/Third_Party/FreeRTOS/Source/CMSIS_RTOS_V2/cmsis_os2.o
 .bss.xQueueRegistry
                0x200008ac       0x40 ./Middlewares/Third_Party/FreeRTOS/Source/queue.o
                0x200008ac                xQueueRegistry
 .bss.pxCurrentTCB
                0x200008ec        0x4 ./Middlewares/Third_Party/FreeRTOS/Source/tasks.o
                0x200008ec                pxCurrentTCB
 .bss.pxReadyTasksLists
                0x200008f0      0x460 ./Middlewares/Third_Party/FreeRTOS/Source/tasks.o
 .bss.xDelayedTaskList1
                0x20000d50       0x14 ./Middlewares/Third_Party/FreeRTOS/Source/tasks.o
 .bss.xDelayedTaskList2
                0x20000d64       0x14 ./Middlewares/Third_Party/FreeRTOS/Source/tasks.o
 .bss.pxDelayedTaskList
                0x20000d78        0x4 ./Middlewares/Third_Party/FreeRTOS/Source/tasks.o
 .bss.pxOverflowDelayedTaskList
                0x20000d7c        0x4 ./Middlewares/Third_Party/FreeRTOS/Source/tasks.o
 .bss.xPendingReadyList
                0x20000d80       0x14 ./Middlewares/Third_Party/FreeRTOS/Source/tasks.o
 .bss.xTasksWaitingTermination
                0x20000d94       0x14 ./Middlewares/Third_Party/FreeRTOS/Source/tasks.o
 .bss.uxDeletedTasksWaitingCleanUp
                0x20000da8        0x4 ./Middlewares/Third_Party/FreeRTOS/Source/tasks.o
 .bss.xSuspendedTaskList
                0x20000dac       0x14 ./Middlewares/Third_Party/FreeRTOS/Source/tasks.o
 .bss.uxCurrentNumberOfTasks
                0x20000dc0        0x4 ./Middlewares/Third_Party/FreeRTOS/Source/tasks.o
 .bss.xTickCount
                0x20000dc4        0x4 ./Middlewares/Third_Party/FreeRTOS/Source/tasks.o
 .bss.uxTopReadyPriority
                0x20000dc8        0x4 ./Middlewares/Third_Party/FreeRTOS/Source/tasks.o
 .bss.xSchedulerRunning
                0x20000dcc        0x4 ./Middlewares/Third_Party/FreeRTOS/Source/tasks.o
 .bss.xPendedTicks
                0x20000dd0        0x4 ./Middlewares/Third_Party/FreeRTOS/Source/tasks.o
 .bss.xYieldPending
                0x20000dd4        0x4 ./Middlewares/Third_Party/FreeRTOS/Source/tasks.o
 .bss.xNumOfOverflows
                0x20000dd8        0x4 ./Middlewares/Third_Party/FreeRTOS/Source/tasks.o
 .bss.uxTaskNumber
                0x20000ddc        0x4 ./Middlewares/Third_Party/FreeRTOS/Source/tasks.o
 .bss.xNextTaskUnblockTime
                0x20000de0        0x4 ./Middlewares/Third_Party/FreeRTOS/Source/tasks.o
 .bss.xIdleTaskHandle
                0x20000de4        0x4 ./Middlewares/Third_Party/FreeRTOS/Source/tasks.o
 .bss.uxSchedulerSuspended
                0x20000de8        0x4 ./Middlewares/Third_Party/FreeRTOS/Source/tasks.o
 .bss.xActiveTimerList1
                0x20000dec       0x14 ./Middlewares/Third_Party/FreeRTOS/Source/timers.o
 .bss.xActiveTimerList2
                0x20000e00       0x14 ./Middlewares/Third_Party/FreeRTOS/Source/timers.o
 .bss.pxCurrentTimerList
                0x20000e14        0x4 ./Middlewares/Third_Party/FreeRTOS/Source/timers.o
 .bss.pxOverflowTimerList
                0x20000e18        0x4 ./Middlewares/Third_Party/FreeRTOS/Source/timers.o
 .bss.xTimerQueue
                0x20000e1c        0x4 ./Middlewares/Third_Party/FreeRTOS/Source/timers.o
 .bss.xTimerTaskHandle
                0x20000e20        0x4 ./Middlewares/Third_Party/FreeRTOS/Source/timers.o
 .bss.xLastTime.2
                0x20000e24        0x4 ./Middlewares/Third_Party/FreeRTOS/Source/timers.o
 .bss.ucStaticTimerQueueStorage.1
                0x20000e28       0xa0 ./Middlewares/Third_Party/FreeRTOS/Source/timers.o
 .bss.xStaticTimerQueue.0
                0x20000ec8       0x50 ./Middlewares/Third_Party/FreeRTOS/Source/timers.o
 .bss.ucMaxSysCallPriority
                0x20000f18        0x1 ./Middlewares/Third_Party/FreeRTOS/Source/portable/GCC/ARM_CM4F/port.o
 *fill*         0x20000f19        0x3 
 .bss.ulMaxPRIGROUPValue
                0x20000f1c        0x4 ./Middlewares/Third_Party/FreeRTOS/Source/portable/GCC/ARM_CM4F/port.o
 .bss.ucHeap    0x20000f20      0xbb8 ./Middlewares/Third_Party/FreeRTOS/Source/portable/MemMang/heap_4.o
 .bss.xStart    0x20001ad8        0x8 ./Middlewares/Third_Party/FreeRTOS/Source/portable/MemMang/heap_4.o
 .bss.pxEnd     0x20001ae0        0x4 ./Middlewares/Third_Party/FreeRTOS/Source/portable/MemMang/heap_4.o
 .bss.xFreeBytesRemaining
                0x20001ae4        0x4 ./Middlewares/Third_Party/FreeRTOS/Source/portable/MemMang/heap_4.o
 .bss.xMinimumEverFreeBytesRemaining
                0x20001ae8        0x4 ./Middlewares/Third_Party/FreeRTOS/Source/portable/MemMang/heap_4.o
 .bss.xNumberOfSuccessfulAllocations
                0x20001aec        0x4 ./Middlewares/Third_Party/FreeRTOS/Source/portable/MemMang/heap_4.o
 .bss.xNumberOfSuccessfulFrees
                0x20001af0        0x4 ./Middlewares/Third_Party/FreeRTOS/Source/portable/MemMang/heap_4.o
 .bss.xBlockAllocatedBit
                0x20001af4        0x4 ./Middlewares/Third_Party/FreeRTOS/Source/portable/MemMang/heap_4.o
 .bss.__sf      0x20001af8      0x138 /opt/st/stm32cubeide_2.0.0/plugins/com.st.stm32cube.ide.mcu.externaltools.gnu-tools-for-stm32.13.3.rel1.linux64_1.0.100.202509120712/tools/bin/../lib/gcc/arm-none-eabi/13.3.1/../../../../arm-none-eabi/lib/thumb/v7e-m+fp/hard/libc_nano.a(libc_a-findfp.o)
                0x20001af8                __sf
 .bss.__lock___malloc_recursive_mutex
                0x20001c30        0x1 /opt/st/stm32cubeide_2.0.0/plugins/com.st.stm32cube.ide.mcu.externaltools.gnu-tools-for-stm32.13.3.rel1.linux64_1.0.100.202509120712/tools/bin/../lib/gcc/arm-none-eabi/13.3.1/../../../../arm-none-eabi/lib/thumb/v7e-m+fp/hard/libc_nano.a(libc_a-lock.o)
                0x20001c30                __lock___malloc_recursive_mutex
 *fill*         0x20001c31        0x3 
 .bss.__malloc_free_list
                0x20001c34        0x4 /opt/st/stm32cubeide_2.0.0/plugins/com.st.stm32cube.ide.mcu.externaltools.gnu-tools-for-stm32.13.3.rel1.linux64_1.0.100.202509120712/tools/bin/../lib/gcc/arm-none-eabi/13.3.1/../../../../arm-none-eabi/lib/thumb/v7e-m+fp/hard/libc_nano.a(libc_a-mallocr.o)
                0x20001c34                __malloc_free_list
 *(COMMON)
                0x20001c38                        . = ALIGN (0x4)
                0x20001c38                        _ebss = .
                0x20001c38                        __bss_end__ = _ebss

._user_heap_stack
                0x20001c38      0x600 load address 0x08006510
                0x20001c38                        . = ALIGN (0x8)
                [!provide]                        PROVIDE (end = .)
                0x20001c38                        PROVIDE (_end = .)
                0x20001e38                        . = (. + _Min_Heap_Size)
 *fill*         0x20001c38      0x200 
                0x20002238                        . = (. + _Min_Stack_Size)
 *fill*         0x20001e38      0x400 
                0x20002238                        . = ALIGN (0x8)

/DISCARD/
 libc.a(*)
 libm.a(*)
 libgcc.a(*)

.ARM.attributes
                0x00000000       0x30
 *(.ARM.attributes)
 .ARM.attributes
                0x00000000       0x22 /opt/st/stm32cubeide_2.0.0/plugins/com.st.stm32cube.ide.mcu.externaltools.gnu-tools-for-stm32.13.3.rel1.linux64_1.0.100.202509120712/tools/bin/../lib/gcc/arm-none-eabi/13.3.1/thumb/v7e-m+fp/hard/crti.o
 .ARM.attributes
                0x00000022       0x34 /opt/st/stm32cubeide_2.0.0/plugins/com.st.stm32cube.ide.mcu.externaltools.gnu-tools-for-stm32.13.3.rel1.linux64_1.0.100.202509120712/tools/bin/../lib/gcc/arm-none-eabi/13.3.1/thumb/v7e-m+fp/hard/crtbegin.o
 .ARM.attributes
                0x00000056       0x34 ./Core/Src/freertos.o
 .ARM.attributes
                0x0000008a       0x34 ./Core/Src/gpio.o
 .ARM.attributes
                0x000000be       0x34 ./Core/Src/main.o
 .ARM.attributes
                0x000000f2       0x34 ./Core/Src/stm32l4xx_hal_msp.o
 .ARM.attributes
                0x00000126       0x34 ./Core/Src/stm32l4xx_hal_timebase_tim.o
 .ARM.attributes
                0x0000015a       0x34 ./Core/Src/stm32l4xx_it.o
 .ARM.attributes
                0x0000018e       0x34 ./Core/Src/system_stm32l4xx.o
 .ARM.attributes
                0x000001c2       0x34 ./Core/Src/usart.o
 .ARM.attributes
                0x000001f6       0x21 ./Core/Startup/startup_stm32l476rgtx.o
 .ARM.attributes
                0x00000217       0x34 ./Drivers/STM32L4xx_HAL_Driver/Src/stm32l4xx_hal.o
 .ARM.attributes
                0x0000024b       0x34 ./Drivers/STM32L4xx_HAL_Driver/Src/stm32l4xx_hal_cortex.o
 .ARM.attributes
                0x0000027f       0x34 ./Drivers/STM32L4xx_HAL_Driver/Src/stm32l4xx_hal_gpio.o
 .ARM.attributes
                0x000002b3       0x34 ./Drivers/STM32L4xx_HAL_Driver/Src/stm32l4xx_hal_pwr_ex.o
 .ARM.attributes
                0x000002e7       0x34 ./Drivers/STM32L4xx_HAL_Driver/Src/stm32l4xx_hal_rcc.o
 .ARM.attributes
                0x0000031b       0x34 ./Drivers/STM32L4xx_HAL_Driver/Src/stm32l4xx_hal_rcc_ex.o
 .ARM.attributes
                0x0000034f       0x34 ./Drivers/STM32L4xx_HAL_Driver/Src/stm32l4xx_hal_tim.o
 .ARM.attributes
                0x00000383       0x34 ./Drivers/STM32L4xx_HAL_Driver/Src/stm32l4xx_hal_tim_ex.o
 .ARM.attributes
                0x000003b7       0x34 ./Drivers/STM32L4xx_HAL_Driver/Src/stm32l4xx_hal_uart.o
 .ARM.attributes
                0x000003eb       0x34 ./Middlewares/Third_Party/FreeRTOS/Source/CMSIS_RTOS_V2/cmsis_os2.o
 .ARM.attributes
                0x0000041f       0x34 ./Middlewares/Third_Party/FreeRTOS/Source/list.o
 .ARM.attributes
                0x00000453       0x34 ./Middlewares/Third_Party/FreeRTOS/Source/queue.o
 .ARM.attributes
                0x00000487       0x34 ./Middlewares/Third_Party/FreeRTOS/Source/tasks.o
 .ARM.attributes
                0x000004bb       0x34 ./Middlewares/Third_Party/FreeRTOS/Source/timers.o
 .ARM.attributes
                0x000004ef       0x34 ./Middlewares/Third_Party/FreeRTOS/Source/portable/GCC/ARM_CM4F/port.o
 .ARM.attributes
                0x00000523       0x34 ./Middlewares/Third_Party/FreeRTOS/Source/portable/MemMang/heap_4.o
 .ARM.attributes
                0x00000557       0x34 /opt/st/stm32cubeide_2.0.0/plugins/com.st.stm32cube.ide.mcu.externaltools.gnu-tools-for-stm32.13.3.rel1.linux64_1.0.100.202509120712/tools/bin/../lib/gcc/arm-none-eabi/13.3.1/../../../../arm-none-eabi/lib/thumb/v7e-m+fp/hard/libc_nano.a(libc_a-findfp.o)
 .ARM.attributes
                0x0000058b       0x34 /opt/st/stm32cubeide_2.0.0/plugins/com.st.stm32cube.ide.mcu.externaltools.gnu-tools-for-stm32.13.3.rel1.linux64_1.0.100.202509120712/tools/bin/../lib/gcc/arm-none-eabi/13.3.1/../../../../arm-none-eabi/lib/thumb/v7e-m+fp/hard/libc_nano.a(libc_a-memset.o)
 .ARM.attributes
                0x000005bf       0x34 /opt/st/stm32cubeide_2.0.0/plugins/com.st.stm32cube.ide.mcu.externaltools.gnu-tools-for-stm32.13.3.rel1.linux64_1.0.100.202509120712/tools/bin/../lib/gcc/arm-none-eabi/13.3.1/../../../../arm-none-eabi/lib/thumb/v7e-m+fp/hard/libc_nano.a(libc_a-reent.o)
 .ARM.attributes
                0x000005f3       0x34 /opt/st/stm32cubeide_2.0.0/plugins/com.st.stm32cube.ide.mcu.externaltools.gnu-tools-for-stm32.13.3.rel1.linux64_1.0.100.202509120712/tools/bin/../lib/gcc/arm-none-eabi/13.3.1/../../../../arm-none-eabi/lib/thumb/v7e-m+fp/hard/libc_nano.a(libc_a-impure.o)
 .ARM.attributes
                0x00000627       0x34 /opt/st/stm32cubeide_2.0.0/plugins/com.st.stm32cube.ide.mcu.externaltools.gnu-tools-for-stm32.13.3.rel1.linux64_1.0.100.202509120712/tools/bin/../lib/gcc/arm-none-eabi/13.3.1/../../../../arm-none-eabi/lib/thumb/v7e-m+fp/hard/libc_nano.a(libc_a-init.o)
 .ARM.attributes
                0x0000065b       0x34 /opt/st/stm32cubeide_2.0.0/plugins/com.st.stm32cube.ide.mcu.externaltools.gnu-tools-for-stm32.13.3.rel1.linux64_1.0.100.202509120712/tools/bin/../lib/gcc/arm-none-eabi/13.3.1/../../../../arm-none-eabi/lib/thumb/v7e-m+fp/hard/libc_nano.a(libc_a-lock.o)
 .ARM.attributes
                0x0000068f       0x34 /opt/st/stm32cubeide_2.0.0/plugins/com.st.stm32cube.ide.mcu.externaltools.gnu-tools-for-stm32.13.3.rel1.linux64_1.0.100.202509120712/tools/bin/../lib/gcc/arm-none-eabi/13.3.1/../../../../arm-none-eabi/lib/thumb/v7e-m+fp/hard/libc_nano.a(libc_a-memcpy-stub.o)
 .ARM.attributes
                0x000006c3       0x34 /opt/st/stm32cubeide_2.0.0/plugins/com.st.stm32cube.ide.mcu.externaltools.gnu-tools-for-stm32.13.3.rel1.linux64_1.0.100.202509120712/tools/bin/../lib/gcc/arm-none-eabi/13.3.1/../../../../arm-none-eabi/lib/thumb/v7e-m+fp/hard/libc_nano.a(libc_a-freer.o)
 .ARM.attributes
                0x000006f7       0x34 /opt/st/stm32cubeide_2.0.0/plugins/com.st.stm32cube.ide.mcu.externaltools.gnu-tools-for-stm32.13.3.rel1.linux64_1.0.100.202509120712/tools/bin/../lib/gcc/arm-none-eabi/13.3.1/../../../../arm-none-eabi/lib/thumb/v7e-m+fp/hard/libc_nano.a(libc_a-mallocr.o)
 .ARM.attributes
                0x0000072b       0x34 /opt/st/stm32cubeide_2.0.0/plugins/com.st.stm32cube.ide.mcu.externaltools.gnu-tools-for-stm32.13.3.rel1.linux64_1.0.100.202509120712/tools/bin/../lib/gcc/arm-none-eabi/13.3.1/../../../../arm-none-eabi/lib/thumb/v7e-m+fp/hard/libc_nano.a(libc_a-mlock.o)
 .ARM.attributes
                0x0000075f       0x22 /opt/st/stm32cubeide_2.0.0/plugins/com.st.stm32cube.ide.mcu.externaltools.gnu-tools-for-stm32.13.3.rel1.linux64_1.0.100.202509120712/tools/bin/../lib/gcc/arm-none-eabi/13.3.1/thumb/v7e-m+fp/hard/libgcc.a(_aeabi_uldivmod.o)
 .ARM.attributes
                0x00000781       0x34 /opt/st/stm32cubeide_2.0.0/plugins/com.st.stm32cube.ide.mcu.externaltools.gnu-tools-for-stm32.13.3.rel1.linux64_1.0.100.202509120712/tools/bin/../lib/gcc/arm-none-eabi/13.3.1/thumb/v7e-m+fp/hard/libgcc.a(_udivmoddi4.o)
 .ARM.attributes
                0x000007b5       0x22 /opt/st/stm32cubeide_2.0.0/plugins/com.st.stm32cube.ide.mcu.externaltools.gnu-tools-for-stm32.13.3.rel1.linux64_1.0.100.202509120712/tools/bin/../lib/gcc/arm-none-eabi/13.3.1/thumb/v7e-m+fp/hard/libgcc.a(_dvmd_tls.o)
 .ARM.attributes
                0x000007d7       0x22 /opt/st/stm32cubeide_2.0.0/plugins/com.st.stm32cube.ide.mcu.externaltools.gnu-tools-for-stm32.13.3.rel1.linux64_1.0.100.202509120712/tools/bin/../lib/gcc/arm-none-eabi/13.3.1/thumb/v7e-m+fp/hard/crtn.o
OUTPUT(PRO1_Nikodemus_Nilsson_Ohm.elf elf32-littlearm)
LOAD linker stubs
LOAD /opt/st/stm32cubeide_2.0.0/plugins/com.st.stm32cube.ide.mcu.externaltools.gnu-tools-for-stm32.13.3.rel1.linux64_1.0.100.202509120712/tools/bin/../lib/gcc/arm-none-eabi/13.3.1/../../../../arm-none-eabi/lib/thumb/v7e-m+fp/hard/libc.a
LOAD /opt/st/stm32cubeide_2.0.0/plugins/com.st.stm32cube.ide.mcu.externaltools.gnu-tools-for-stm32.13.3.rel1.linux64_1.0.100.202509120712/tools/bin/../lib/gcc/arm-none-eabi/13.3.1/../../../../arm-none-eabi/lib/thumb/v7e-m+fp/hard/libm.a
LOAD /opt/st/stm32cubeide_2.0.0/plugins/com.st.stm32cube.ide.mcu.externaltools.gnu-tools-for-stm32.13.3.rel1.linux64_1.0.100.202509120712/tools/bin/../lib/gcc/arm-none-eabi/13.3.1/thumb/v7e-m+fp/hard/libgcc.a

.debug_info     0x00000000    0x1aef7
 .debug_info    0x00000000      0x3d1 ./Core/Src/freertos.o
 .debug_info    0x000003d1      0x4bc ./Core/Src/gpio.o
 .debug_info    0x0000088d      0x9b5 ./Core/Src/main.o
 .debug_info    0x00001242      0x555 ./Core/Src/stm32l4xx_hal_msp.o
 .debug_info    0x00001797      0xcbb ./Core/Src/stm32l4xx_hal_timebase_tim.o
 .debug_info    0x00002452      0x717 ./Core/Src/stm32l4xx_it.o
 .debug_info    0x00002b69      0x5e2 ./Core/Src/system_stm32l4xx.o
 .debug_info    0x0000314b      0xd0d ./Core/Src/usart.o
 .debug_info    0x00003e58       0x30 ./Core/Startup/startup_stm32l476rgtx.o
 .debug_info    0x00003e88      0xc4d ./Drivers/STM32L4xx_HAL_Driver/Src/stm32l4xx_hal.o
 .debug_info    0x00004ad5      0xdad ./Drivers/STM32L4xx_HAL_Driver/Src/stm32l4xx_hal_cortex.o
 .debug_info    0x00005882      0x79f ./Drivers/STM32L4xx_HAL_Driver/Src/stm32l4xx_hal_gpio.o
 .debug_info    0x00006021      0x9ca ./Drivers/STM32L4xx_HAL_Driver/Src/stm32l4xx_hal_pwr_ex.o
 .debug_info    0x000069eb      0xc45 ./Drivers/STM32L4xx_HAL_Driver/Src/stm32l4xx_hal_rcc.o
 .debug_info    0x00007630      0xe58 ./Drivers/STM32L4xx_HAL_Driver/Src/stm32l4xx_hal_rcc_ex.o
 .debug_info    0x00008488     0x2ade ./Drivers/STM32L4xx_HAL_Driver/Src/stm32l4xx_hal_tim.o
 .debug_info    0x0000af66     0x16e0 ./Drivers/STM32L4xx_HAL_Driver/Src/stm32l4xx_hal_tim_ex.o
 .debug_info    0x0000c646     0x3b8e ./Drivers/STM32L4xx_HAL_Driver/Src/stm32l4xx_hal_uart.o
 .debug_info    0x000101d4     0x4137 ./Middlewares/Third_Party/FreeRTOS/Source/CMSIS_RTOS_V2/cmsis_os2.o
 .debug_info    0x0001430b      0x2af ./Middlewares/Third_Party/FreeRTOS/Source/list.o
 .debug_info    0x000145ba     0x1b79 ./Middlewares/Third_Party/FreeRTOS/Source/queue.o
 .debug_info    0x00016133     0x28c1 ./Middlewares/Third_Party/FreeRTOS/Source/tasks.o
 .debug_info    0x000189f4     0x1b50 ./Middlewares/Third_Party/FreeRTOS/Source/timers.o
 .debug_info    0x0001a544      0x4de ./Middlewares/Third_Party/FreeRTOS/Source/portable/GCC/ARM_CM4F/port.o
 .debug_info    0x0001aa22      0x4d5 ./Middlewares/Third_Party/FreeRTOS/Source/portable/MemMang/heap_4.o

.debug_abbrev   0x00000000     0x3932
 .debug_abbrev  0x00000000      0x14f ./Core/Src/freertos.o
 .debug_abbrev  0x0000014f      0x158 ./Core/Src/gpio.o
 .debug_abbrev  0x000002a7      0x234 ./Core/Src/main.o
 .debug_abbrev  0x000004db      0x11e ./Core/Src/stm32l4xx_hal_msp.o
 .debug_abbrev  0x000005f9      0x1fa ./Core/Src/stm32l4xx_hal_timebase_tim.o
 .debug_abbrev  0x000007f3      0x195 ./Core/Src/stm32l4xx_it.o
 .debug_abbrev  0x00000988      0x117 ./Core/Src/system_stm32l4xx.o
 .debug_abbrev  0x00000a9f      0x1f4 ./Core/Src/usart.o
 .debug_abbrev  0x00000c93       0x24 ./Core/Startup/startup_stm32l476rgtx.o
 .debug_abbrev  0x00000cb7      0x243 ./Drivers/STM32L4xx_HAL_Driver/Src/stm32l4xx_hal.o
 .debug_abbrev  0x00000efa      0x31c ./Drivers/STM32L4xx_HAL_Driver/Src/stm32l4xx_hal_cortex.o
 .debug_abbrev  0x00001216      0x1d1 ./Drivers/STM32L4xx_HAL_Driver/Src/stm32l4xx_hal_gpio.o
 .debug_abbrev  0x000013e7      0x1f9 ./Drivers/STM32L4xx_HAL_Driver/Src/stm32l4xx_hal_pwr_ex.o
 .debug_abbrev  0x000015e0      0x2dc ./Drivers/STM32L4xx_HAL_Driver/Src/stm32l4xx_hal_rcc.o
 .debug_abbrev  0x000018bc      0x2a5 ./Drivers/STM32L4xx_HAL_Driver/Src/stm32l4xx_hal_rcc_ex.o
 .debug_abbrev  0x00001b61      0x289 ./Drivers/STM32L4xx_HAL_Driver/Src/stm32l4xx_hal_tim.o
 .debug_abbrev  0x00001dea      0x284 ./Drivers/STM32L4xx_HAL_Driver/Src/stm32l4xx_hal_tim_ex.o
 .debug_abbrev  0x0000206e      0x2f3 ./Drivers/STM32L4xx_HAL_Driver/Src/stm32l4xx_hal_uart.o
 .debug_abbrev  0x00002361      0x547 ./Middlewares/Third_Party/FreeRTOS/Source/CMSIS_RTOS_V2/cmsis_os2.o
 .debug_abbrev  0x000028a8       0xf5 ./Middlewares/Third_Party/FreeRTOS/Source/list.o
 .debug_abbrev  0x0000299d      0x3b6 ./Middlewares/Third_Party/FreeRTOS/Source/queue.o
 .debug_abbrev  0x00002d53      0x3fe ./Middlewares/Third_Party/FreeRTOS/Source/tasks.o
 .debug_abbrev  0x00003151      0x368 ./Middlewares/Third_Party/FreeRTOS/Source/timers.o
 .debug_abbrev  0x000034b9      0x25c ./Middlewares/Third_Party/FreeRTOS/Source/portable/GCC/ARM_CM4F/port.o
 .debug_abbrev  0x00003715      0x21d ./Middlewares/Third_Party/FreeRTOS/Source/portable/MemMang/heap_4.o

.debug_aranges  0x00000000     0x16a0
 .debug_aranges
                0x00000000       0x28 ./Core/Src/freertos.o
 .debug_aranges
                0x00000028       0x20 ./Core/Src/gpio.o
 .debug_aranges
                0x00000048       0x38 ./Core/Src/main.o
 .debug_aranges
                0x00000080       0x20 ./Core/Src/stm32l4xx_hal_msp.o
 .debug_aranges
                0x000000a0       0x30 ./Core/Src/stm32l4xx_hal_timebase_tim.o
 .debug_aranges
                0x000000d0       0x50 ./Core/Src/stm32l4xx_it.o
 .debug_aranges
                0x00000120       0x28 ./Core/Src/system_stm32l4xx.o
 .debug_aranges
                0x00000148       0x30 ./Core/Src/usart.o
 .debug_aranges
                0x00000178       0x28 ./Core/Startup/startup_stm32l476rgtx.o
 .debug_aranges
                0x000001a0      0x130 ./Drivers/STM32L4xx_HAL_Driver/Src/stm32l4xx_hal.o
 .debug_aranges
                0x000002d0      0x128 ./Drivers/STM32L4xx_HAL_Driver/Src/stm32l4xx_hal_cortex.o
 .debug_aranges
                0x000003f8       0x58 ./Drivers/STM32L4xx_HAL_Driver/Src/stm32l4xx_hal_gpio.o
 .debug_aranges
                0x00000450      0x160 ./Drivers/STM32L4xx_HAL_Driver/Src/stm32l4xx_hal_pwr_ex.o
 .debug_aranges
                0x000005b0       0x90 ./Drivers/STM32L4xx_HAL_Driver/Src/stm32l4xx_hal_rcc.o
 .debug_aranges
                0x00000640       0xc0 ./Drivers/STM32L4xx_HAL_Driver/Src/stm32l4xx_hal_rcc_ex.o
 .debug_aranges
                0x00000700      0x3e0 ./Drivers/STM32L4xx_HAL_Driver/Src/stm32l4xx_hal_tim.o
 .debug_aranges
                0x00000ae0      0x180 ./Drivers/STM32L4xx_HAL_Driver/Src/stm32l4xx_hal_tim_ex.o
 .debug_aranges
                0x00000c60      0x228 ./Drivers/STM32L4xx_HAL_Driver/Src/stm32l4xx_hal_uart.o
 .debug_aranges
                0x00000e88      0x2b0 ./Middlewares/Third_Party/FreeRTOS/Source/CMSIS_RTOS_V2/cmsis_os2.o
 .debug_aranges
                0x00001138       0x40 ./Middlewares/Third_Party/FreeRTOS/Source/list.o
 .debug_aranges
                0x00001178      0x158 ./Middlewares/Third_Party/FreeRTOS/Source/queue.o
 .debug_aranges
                0x000012d0      0x208 ./Middlewares/Third_Party/FreeRTOS/Source/tasks.o
 .debug_aranges
                0x000014d8       0xf0 ./Middlewares/Third_Party/FreeRTOS/Source/timers.o
 .debug_aranges
                0x000015c8       0x80 ./Middlewares/Third_Party/FreeRTOS/Source/portable/GCC/ARM_CM4F/port.o
 .debug_aranges
                0x00001648       0x58 ./Middlewares/Third_Party/FreeRTOS/Source/portable/MemMang/heap_4.o

.debug_rnglists
                0x00000000     0x118f
 .debug_rnglists
                0x00000000       0x19 ./Core/Src/freertos.o
 .debug_rnglists
                0x00000019       0x14 ./Core/Src/gpio.o
 .debug_rnglists
                0x0000002d       0x26 ./Core/Src/main.o
 .debug_rnglists
                0x00000053       0x13 ./Core/Src/stm32l4xx_hal_msp.o
 .debug_rnglists
                0x00000066       0x20 ./Core/Src/stm32l4xx_hal_timebase_tim.o
 .debug_rnglists
                0x00000086       0x37 ./Core/Src/stm32l4xx_it.o
 .debug_rnglists
                0x000000bd       0x1a ./Core/Src/system_stm32l4xx.o
 .debug_rnglists
                0x000000d7       0x20 ./Core/Src/usart.o
 .debug_rnglists
                0x000000f7       0x19 ./Core/Startup/startup_stm32l476rgtx.o
 .debug_rnglists
                0x00000110       0xdf ./Drivers/STM32L4xx_HAL_Driver/Src/stm32l4xx_hal.o
 .debug_rnglists
                0x000001ef       0xda ./Drivers/STM32L4xx_HAL_Driver/Src/stm32l4xx_hal_cortex.o
 .debug_rnglists
                0x000002c9       0x3f ./Drivers/STM32L4xx_HAL_Driver/Src/stm32l4xx_hal_gpio.o
 .debug_rnglists
                0x00000308      0x109 ./Drivers/STM32L4xx_HAL_Driver/Src/stm32l4xx_hal_pwr_ex.o
 .debug_rnglists
                0x00000411       0x6d ./Drivers/STM32L4xx_HAL_Driver/Src/stm32l4xx_hal_rcc.o
 .debug_rnglists
                0x0000047e       0x95 ./Drivers/STM32L4xx_HAL_Driver/Src/stm32l4xx_hal_rcc_ex.o
 .debug_rnglists
                0x00000513      0x32c ./Drivers/STM32L4xx_HAL_Driver/Src/stm32l4xx_hal_tim.o
 .debug_rnglists
                0x0000083f      0x139 ./Drivers/STM32L4xx_HAL_Driver/Src/stm32l4xx_hal_tim_ex.o
 .debug_rnglists
                0x00000978      0x1da ./Drivers/STM32L4xx_HAL_Driver/Src/stm32l4xx_hal_uart.o
 .debug_rnglists
                0x00000b52      0x212 ./Middlewares/Third_Party/FreeRTOS/Source/CMSIS_RTOS_V2/cmsis_os2.o
 .debug_rnglists
                0x00000d64       0x2b ./Middlewares/Third_Party/FreeRTOS/Source/list.o
 .debug_rnglists
                0x00000d8f      0x109 ./Middlewares/Third_Party/FreeRTOS/Source/queue.o
 .debug_rnglists
                0x00000e98      0x1a0 ./Middlewares/Third_Party/FreeRTOS/Source/tasks.o
 .debug_rnglists
                0x00001038       0xb8 ./Middlewares/Third_Party/FreeRTOS/Source/timers.o
 .debug_rnglists
                0x000010f0       0x5d ./Middlewares/Third_Party/FreeRTOS/Source/portable/GCC/ARM_CM4F/port.o
 .debug_rnglists
                0x0000114d       0x42 ./Middlewares/Third_Party/FreeRTOS/Source/portable/MemMang/heap_4.o

.debug_macro    0x00000000    0x29560
 .debug_macro   0x00000000      0x318 ./Core/Src/freertos.o
 .debug_macro   0x00000318      0xad8 ./Core/Src/freertos.o
 .debug_macro   0x00000df0      0x190 ./Core/Src/freertos.o
 .debug_macro   0x00000f80       0x22 ./Core/Src/freertos.o
 .debug_macro   0x00000fa2       0x8e ./Core/Src/freertos.o
 .debug_macro   0x00001030       0x51 ./Core/Src/freertos.o
 .debug_macro   0x00001081      0x103 ./Core/Src/freertos.o
 .debug_macro   0x00001184       0x6a ./Core/Src/freertos.o
 .debug_macro   0x000011ee      0x1df ./Core/Src/freertos.o
 .debug_macro   0x000013cd      0x16f ./Core/Src/freertos.o
 .debug_macro   0x0000153c      0x15a ./Core/Src/freertos.o
 .debug_macro   0x00001696       0xc9 ./Core/Src/freertos.o
 .debug_macro   0x0000175f       0x1c ./Core/Src/freertos.o
 .debug_macro   0x0000177b       0x26 ./Core/Src/freertos.o
 .debug_macro   0x000017a1       0x61 ./Core/Src/freertos.o
 .debug_macro   0x00001802       0x2a ./Core/Src/freertos.o
 .debug_macro   0x0000182c       0x43 ./Core/Src/freertos.o
 .debug_macro   0x0000186f       0x34 ./Core/Src/freertos.o
 .debug_macro   0x000018a3      0x370 ./Core/Src/freertos.o
 .debug_macro   0x00001c13       0x16 ./Core/Src/freertos.o
 .debug_macro   0x00001c29       0x4a ./Core/Src/freertos.o
 .debug_macro   0x00001c73       0x34 ./Core/Src/freertos.o
 .debug_macro   0x00001ca7       0x10 ./Core/Src/freertos.o
 .debug_macro   0x00001cb7       0x58 ./Core/Src/freertos.o
 .debug_macro   0x00001d0f       0x8e ./Core/Src/freertos.o
 .debug_macro   0x00001d9d       0x1c ./Core/Src/freertos.o
 .debug_macro   0x00001db9      0x185 ./Core/Src/freertos.o
 .debug_macro   0x00001f3e       0x10 ./Core/Src/freertos.o
 .debug_macro   0x00001f4e       0x3c ./Core/Src/freertos.o
 .debug_macro   0x00001f8a      0x4bf ./Core/Src/freertos.o
 .debug_macro   0x00002449       0xb5 ./Core/Src/freertos.o
 .debug_macro   0x000024fe       0xaa ./Core/Src/freertos.o
 .debug_macro   0x000025a8      0x1a7 ./Core/Src/freertos.o
 .debug_macro   0x0000274f       0x2e ./Core/Src/freertos.o
 .debug_macro   0x0000277d       0x28 ./Core/Src/freertos.o
 .debug_macro   0x000027a5       0x1c ./Core/Src/freertos.o
 .debug_macro   0x000027c1       0x22 ./Core/Src/freertos.o
 .debug_macro   0x000027e3       0xfb ./Core/Src/freertos.o
 .debug_macro   0x000028de     0x1011 ./Core/Src/freertos.o
 .debug_macro   0x000038ef      0x11f ./Core/Src/freertos.o
 .debug_macro   0x00003a0e    0x1a192 ./Core/Src/freertos.o
 .debug_macro   0x0001dba0       0x6d ./Core/Src/freertos.o
 .debug_macro   0x0001dc0d     0x38fb ./Core/Src/freertos.o
 .debug_macro   0x00021508       0x56 ./Core/Src/freertos.o
 .debug_macro   0x0002155e     0x159e ./Core/Src/freertos.o
 .debug_macro   0x00022afc      0x5a5 ./Core/Src/freertos.o
 .debug_macro   0x000230a1      0x1b9 ./Core/Src/freertos.o
 .debug_macro   0x0002325a      0x18b ./Core/Src/freertos.o
 .debug_macro   0x000233e5      0x2c4 ./Core/Src/freertos.o
 .debug_macro   0x000236a9      0x27a ./Core/Src/freertos.o
 .debug_macro   0x00023923      0x23d ./Core/Src/freertos.o
 .debug_macro   0x00023b60      0x241 ./Core/Src/freertos.o
 .debug_macro   0x00023da1      0x37c ./Core/Src/freertos.o
 .debug_macro   0x0002411d       0xd6 ./Core/Src/freertos.o
 .debug_macro   0x000241f3      0x122 ./Core/Src/freertos.o
 .debug_macro   0x00024315      0x3ef ./Core/Src/freertos.o
 .debug_macro   0x00024704      0xa98 ./Core/Src/freertos.o
 .debug_macro   0x0002519c      0x1e6 ./Core/Src/freertos.o
 .debug_macro   0x00025382      0x5cf ./Core/Src/freertos.o
 .debug_macro   0x00025951       0x44 ./Core/Src/freertos.o
 .debug_macro   0x00025995      0x330 ./Core/Src/freertos.o
 .debug_macro   0x00025cc5       0x58 ./Core/Src/freertos.o
 .debug_macro   0x00025d1d       0x6c ./Core/Src/freertos.o
 .debug_macro   0x00025d89       0x74 ./Core/Src/freertos.o
 .debug_macro   0x00025dfd       0xdd ./Core/Src/freertos.o
 .debug_macro   0x00025eda      0x1e8 ./Core/Src/gpio.o
 .debug_macro   0x000260c2       0x5c ./Core/Src/gpio.o
 .debug_macro   0x0002611e      0x336 ./Core/Src/main.o
 .debug_macro   0x00026454      0x16f ./Core/Src/main.o
 .debug_macro   0x000265c3       0x66 ./Core/Src/main.o
 .debug_macro   0x00026629      0x1de ./Core/Src/stm32l4xx_hal_msp.o
 .debug_macro   0x00026807      0x1cf ./Core/Src/stm32l4xx_hal_timebase_tim.o
 .debug_macro   0x000269d6      0x1e8 ./Core/Src/stm32l4xx_it.o
 .debug_macro   0x00026bbe      0x1cf ./Core/Src/system_stm32l4xx.o
 .debug_macro   0x00026d8d      0x1e8 ./Core/Src/usart.o
 .debug_macro   0x00026f75      0x21d ./Drivers/STM32L4xx_HAL_Driver/Src/stm32l4xx_hal.o
 .debug_macro   0x00027192      0x1cf ./Drivers/STM32L4xx_HAL_Driver/Src/stm32l4xx_hal_cortex.o
 .debug_macro   0x00027361      0x1d6 ./Drivers/STM32L4xx_HAL_Driver/Src/stm32l4xx_hal_gpio.o
 .debug_macro   0x00027537      0x1f3 ./Drivers/STM32L4xx_HAL_Driver/Src/stm32l4xx_hal_pwr_ex.o
 .debug_macro   0x0002772a      0x211 ./Drivers/STM32L4xx_HAL_Driver/Src/stm32l4xx_hal_rcc.o
 .debug_macro   0x0002793b      0x205 ./Drivers/STM32L4xx_HAL_Driver/Src/stm32l4xx_hal_rcc_ex.o
 .debug_macro   0x00027b40      0x1d0 ./Drivers/STM32L4xx_HAL_Driver/Src/stm32l4xx_hal_tim.o
 .debug_macro   0x00027d10      0x1cf ./Drivers/STM32L4xx_HAL_Driver/Src/stm32l4xx_hal_tim_ex.o
 .debug_macro   0x00027edf      0x1fa ./Drivers/STM32L4xx_HAL_Driver/Src/stm32l4xx_hal_uart.o
 .debug_macro   0x000280d9      0x3d8 ./Middlewares/Third_Party/FreeRTOS/Source/CMSIS_RTOS_V2/cmsis_os2.o
 .debug_macro   0x000284b1       0x10 ./Middlewares/Third_Party/FreeRTOS/Source/CMSIS_RTOS_V2/cmsis_os2.o
 .debug_macro   0x000284c1       0x20 ./Middlewares/Third_Party/FreeRTOS/Source/CMSIS_RTOS_V2/cmsis_os2.o
 .debug_macro   0x000284e1       0x10 ./Middlewares/Third_Party/FreeRTOS/Source/CMSIS_RTOS_V2/cmsis_os2.o
 .debug_macro   0x000284f1       0xf5 ./Middlewares/Third_Party/FreeRTOS/Source/CMSIS_RTOS_V2/cmsis_os2.o
 .debug_macro   0x000285e6       0x16 ./Middlewares/Third_Party/FreeRTOS/Source/CMSIS_RTOS_V2/cmsis_os2.o
 .debug_macro   0x000285fc       0x91 ./Middlewares/Third_Party/FreeRTOS/Source/CMSIS_RTOS_V2/cmsis_os2.o
 .debug_macro   0x0002868d       0x8d ./Middlewares/Third_Party/FreeRTOS/Source/CMSIS_RTOS_V2/cmsis_os2.o
 .debug_macro   0x0002871a       0x9a ./Middlewares/Third_Party/FreeRTOS/Source/CMSIS_RTOS_V2/cmsis_os2.o
 .debug_macro   0x000287b4       0x22 ./Middlewares/Third_Party/FreeRTOS/Source/CMSIS_RTOS_V2/cmsis_os2.o
 .debug_macro   0x000287d6      0x199 ./Middlewares/Third_Party/FreeRTOS/Source/list.o
 .debug_macro   0x0002896f      0x228 ./Middlewares/Third_Party/FreeRTOS/Source/queue.o
 .debug_macro   0x00028b97       0x16 ./Middlewares/Third_Party/FreeRTOS/Source/queue.o
 .debug_macro   0x00028bad       0x87 ./Middlewares/Third_Party/FreeRTOS/Source/queue.o
 .debug_macro   0x00028c34      0x291 ./Middlewares/Third_Party/FreeRTOS/Source/tasks.o
 .debug_macro   0x00028ec5       0x10 ./Middlewares/Third_Party/FreeRTOS/Source/tasks.o
 .debug_macro   0x00028ed5      0x1ee ./Middlewares/Third_Party/FreeRTOS/Source/timers.o
 .debug_macro   0x000290c3       0x97 ./Middlewares/Third_Party/FreeRTOS/Source/timers.o
 .debug_macro   0x0002915a      0x246 ./Middlewares/Third_Party/FreeRTOS/Source/portable/GCC/ARM_CM4F/port.o
 .debug_macro   0x000293a0      0x1c0 ./Middlewares/Third_Party/FreeRTOS/Source/portable/MemMang/heap_4.o

.debug_line     0x00000000    0x192d1
 .debug_line    0x00000000      0x945 ./Core/Src/freertos.o
 .debug_line    0x00000945      0x6c0 ./Core/Src/gpio.o
 .debug_line    0x00001005      0x9de ./Core/Src/main.o
 .debug_line    0x000019e3      0x6a7 ./Core/Src/stm32l4xx_hal_msp.o
 .debug_line    0x0000208a      0x711 ./Core/Src/stm32l4xx_hal_timebase_tim.o
 .debug_line    0x0000279b      0x72f ./Core/Src/stm32l4xx_it.o
 .debug_line    0x00002eca      0x744 ./Core/Src/system_stm32l4xx.o
 .debug_line    0x0000360e      0x730 ./Core/Src/usart.o
 .debug_line    0x00003d3e       0x7a ./Core/Startup/startup_stm32l476rgtx.o
 .debug_line    0x00003db8      0xaad ./Drivers/STM32L4xx_HAL_Driver/Src/stm32l4xx_hal.o
 .debug_line    0x00004865      0xc47 ./Drivers/STM32L4xx_HAL_Driver/Src/stm32l4xx_hal_cortex.o
 .debug_line    0x000054ac      0xb00 ./Drivers/STM32L4xx_HAL_Driver/Src/stm32l4xx_hal_gpio.o
 .debug_line    0x00005fac      0xc8e ./Drivers/STM32L4xx_HAL_Driver/Src/stm32l4xx_hal_pwr_ex.o
 .debug_line    0x00006c3a     0x1001 ./Drivers/STM32L4xx_HAL_Driver/Src/stm32l4xx_hal_rcc.o
 .debug_line    0x00007c3b     0x14cf ./Drivers/STM32L4xx_HAL_Driver/Src/stm32l4xx_hal_rcc_ex.o
 .debug_line    0x0000910a     0x3e10 ./Drivers/STM32L4xx_HAL_Driver/Src/stm32l4xx_hal_tim.o
 .debug_line    0x0000cf1a     0x1ae9 ./Drivers/STM32L4xx_HAL_Driver/Src/stm32l4xx_hal_tim_ex.o
 .debug_line    0x0000ea03     0x2cdf ./Drivers/STM32L4xx_HAL_Driver/Src/stm32l4xx_hal_uart.o
 .debug_line    0x000116e2     0x2475 ./Middlewares/Third_Party/FreeRTOS/Source/CMSIS_RTOS_V2/cmsis_os2.o
 .debug_line    0x00013b57      0x6d1 ./Middlewares/Third_Party/FreeRTOS/Source/list.o
 .debug_line    0x00014228     0x1642 ./Middlewares/Third_Party/FreeRTOS/Source/queue.o
 .debug_line    0x0001586a     0x1be9 ./Middlewares/Third_Party/FreeRTOS/Source/tasks.o
 .debug_line    0x00017453      0xd11 ./Middlewares/Third_Party/FreeRTOS/Source/timers.o
 .debug_line    0x00018164      0x885 ./Middlewares/Third_Party/FreeRTOS/Source/portable/GCC/ARM_CM4F/port.o
 .debug_line    0x000189e9      0x8e8 ./Middlewares/Third_Party/FreeRTOS/Source/portable/MemMang/heap_4.o

.debug_str      0x00000000    0xfe310
 .debug_str     0x00000000    0xfe310 ./Core/Src/freertos.o
                              0xf3d74 (size before relaxing)
 .debug_str     0x000fe310        0x0 ./Core/Src/gpio.o
                              0xebf8b (size before relaxing)
 .debug_str     0x000fe310        0x0 ./Core/Src/main.o
                              0xf403e (size before relaxing)
 .debug_str     0x000fe310        0x0 ./Core/Src/stm32l4xx_hal_msp.o
                              0xec3bb (size before relaxing)
 .debug_str     0x000fe310        0x0 ./Core/Src/stm32l4xx_hal_timebase_tim.o
                              0xec8fc (size before relaxing)
 .debug_str     0x000fe310        0x0 ./Core/Src/stm32l4xx_it.o
                              0xec301 (size before relaxing)
 .debug_str     0x000fe310        0x0 ./Core/Src/system_stm32l4xx.o
                              0xebe4a (size before relaxing)
 .debug_str     0x000fe310        0x0 ./Core/Src/usart.o
                              0xec6a3 (size before relaxing)
 .debug_str     0x000fe310        0x0 ./Core/Startup/startup_stm32l476rgtx.o
                                 0xb7 (size before relaxing)
 .debug_str     0x000fe310        0x0 ./Drivers/STM32L4xx_HAL_Driver/Src/stm32l4xx_hal.o
                              0xeca5e (size before relaxing)
 .debug_str     0x000fe310        0x0 ./Drivers/STM32L4xx_HAL_Driver/Src/stm32l4xx_hal_cortex.o
                              0xec6c3 (size before relaxing)
 .debug_str     0x000fe310        0x0 ./Drivers/STM32L4xx_HAL_Driver/Src/stm32l4xx_hal_gpio.o
                              0xebfd5 (size before relaxing)
 .debug_str     0x000fe310        0x0 ./Drivers/STM32L4xx_HAL_Driver/Src/stm32l4xx_hal_pwr_ex.o
                              0xec3a5 (size before relaxing)
 .debug_str     0x000fe310        0x0 ./Drivers/STM32L4xx_HAL_Driver/Src/stm32l4xx_hal_rcc.o
                              0xec490 (size before relaxing)
 .debug_str     0x000fe310        0x0 ./Drivers/STM32L4xx_HAL_Driver/Src/stm32l4xx_hal_rcc_ex.o
                              0xec61b (size before relaxing)
 .debug_str     0x000fe310        0x0 ./Drivers/STM32L4xx_HAL_Driver/Src/stm32l4xx_hal_tim.o
                              0xed19c (size before relaxing)
 .debug_str     0x000fe310        0x0 ./Drivers/STM32L4xx_HAL_Driver/Src/stm32l4xx_hal_tim_ex.o
                              0xecab0 (size before relaxing)
 .debug_str     0x000fe310        0x0 ./Drivers/STM32L4xx_HAL_Driver/Src/stm32l4xx_hal_uart.o
                              0xecba2 (size before relaxing)
 .debug_str     0x000fe310        0x0 ./Middlewares/Third_Party/FreeRTOS/Source/CMSIS_RTOS_V2/cmsis_os2.o
                              0xf6dd3 (size before relaxing)
 .debug_str     0x000fe310        0x0 ./Middlewares/Third_Party/FreeRTOS/Source/list.o
                               0xac65 (size before relaxing)
 .debug_str     0x000fe310        0x0 ./Middlewares/Third_Party/FreeRTOS/Source/queue.o
                               0xc7a5 (size before relaxing)
 .debug_str     0x000fe310        0x0 ./Middlewares/Third_Party/FreeRTOS/Source/tasks.o
                               0xd5aa (size before relaxing)
 .debug_str     0x000fe310        0x0 ./Middlewares/Third_Party/FreeRTOS/Source/timers.o
                               0xcff6 (size before relaxing)
 .debug_str     0x000fe310        0x0 ./Middlewares/Third_Party/FreeRTOS/Source/portable/GCC/ARM_CM4F/port.o
                               0xb9a3 (size before relaxing)
 .debug_str     0x000fe310        0x0 ./Middlewares/Third_Party/FreeRTOS/Source/portable/MemMang/heap_4.o
                               0xb5a7 (size before relaxing)

.comment        0x00000000       0x43
 .comment       0x00000000       0x43 ./Core/Src/freertos.o
                                 0x44 (size before relaxing)
 .comment       0x00000043        0x0 ./Core/Src/gpio.o
                                 0x44 (size before relaxing)
 .comment       0x00000043        0x0 ./Core/Src/main.o
                                 0x44 (size before relaxing)
 .comment       0x00000043        0x0 ./Core/Src/stm32l4xx_hal_msp.o
                                 0x44 (size before relaxing)
 .comment       0x00000043        0x0 ./Core/Src/stm32l4xx_hal_timebase_tim.o
                                 0x44 (size before relaxing)
 .comment       0x00000043        0x0 ./Core/Src/stm32l4xx_it.o
                                 0x44 (size before relaxing)
 .comment       0x00000043        0x0 ./Core/Src/system_stm32l4xx.o
                                 0x44 (size before relaxing)
 .comment       0x00000043        0x0 ./Core/Src/usart.o
                                 0x44 (size before relaxing)
 .comment       0x00000043        0x0 ./Drivers/STM32L4xx_HAL_Driver/Src/stm32l4xx_hal.o
                                 0x44 (size before relaxing)
 .comment       0x00000043        0x0 ./Drivers/STM32L4xx_HAL_Driver/Src/stm32l4xx_hal_cortex.o
                                 0x44 (size before relaxing)
 .comment       0x00000043        0x0 ./Drivers/STM32L4xx_HAL_Driver/Src/stm32l4xx_hal_gpio.o
                                 0x44 (size before relaxing)
 .comment       0x00000043        0x0 ./Drivers/STM32L4xx_HAL_Driver/Src/stm32l4xx_hal_pwr_ex.o
                                 0x44 (size before relaxing)
 .comment       0x00000043        0x0 ./Drivers/STM32L4xx_HAL_Driver/Src/stm32l4xx_hal_rcc.o
                                 0x44 (size before relaxing)
 .comment       0x00000043        0x0 ./Drivers/STM32L4xx_HAL_Driver/Src/stm32l4xx_hal_rcc_ex.o
                                 0x44 (size before relaxing)
 .comment       0x00000043        0x0 ./Drivers/STM32L4xx_HAL_Driver/Src/stm32l4xx_hal_tim.o
                                 0x44 (size before relaxing)
 .comment       0x00000043        0x0 ./Drivers/STM32L4xx_HAL_Driver/Src/stm32l4xx_hal_tim_ex.o
                                 0x44 (size before relaxing)
 .comment       0x00000043        0x0 ./Drivers/STM32L4xx_HAL_Driver/Src/stm32l4xx_hal_uart.o
                                 0x44 (size before relaxing)
 .comment       0x00000043        0x0 ./Middlewares/Third_Party/FreeRTOS/Source/CMSIS_RTOS_V2/cmsis_os2.o
                                 0x44 (size before relaxing)
 .comment       0x00000043        0x0 ./Middlewares/Third_Party/FreeRTOS/Source/list.o
                                 0x44 (size before relaxing)
 .comment       0x00000043        0x0 ./Middlewares/Third_Party/FreeRTOS/Source/queue.o
                                 0x44 (size before relaxing)
 .comment       0x00000043        0x0 ./Middlewares/Third_Party/FreeRTOS/Source/tasks.o
                                 0x44 (size before relaxing)
 .comment       0x00000043        0x0 ./Middlewares/Third_Party/FreeRTOS/Source/timers.o
                                 0x44 (size before relaxing)
 .comment       0x00000043        0x0 ./Middlewares/Third_Party/FreeRTOS/Source/portable/GCC/ARM_CM4F/port.o
                                 0x44 (size before relaxing)
 .comment       0x00000043        0x0 ./Middlewares/Third_Party/FreeRTOS/Source/portable/MemMang/heap_4.o
                                 0x44 (size before relaxing)

.debug_frame    0x00000000     0x6194
 .debug_frame   0x00000000       0x4c ./Core/Src/freertos.o
 .debug_frame   0x0000004c       0x34 ./Core/Src/gpio.o
 .debug_frame   0x00000080       0x8c ./Core/Src/main.o
 .debug_frame   0x0000010c       0x34 ./Core/Src/stm32l4xx_hal_msp.o
 .debug_frame   0x00000140       0x74 ./Core/Src/stm32l4xx_hal_timebase_tim.o
 .debug_frame   0x000001b4       0xc4 ./Core/Src/stm32l4xx_it.o
 .debug_frame   0x00000278       0x58 ./Core/Src/system_stm32l4xx.o
 .debug_frame   0x000002d0       0x78 ./Core/Src/usart.o
 .debug_frame   0x00000348      0x498 ./Drivers/STM32L4xx_HAL_Driver/Src/stm32l4xx_hal.o
 .debug_frame   0x000007e0      0x4e8 ./Drivers/STM32L4xx_HAL_Driver/Src/stm32l4xx_hal_cortex.o
 .debug_frame   0x00000cc8      0x14c ./Drivers/STM32L4xx_HAL_Driver/Src/stm32l4xx_hal_gpio.o
 .debug_frame   0x00000e14      0x584 ./Drivers/STM32L4xx_HAL_Driver/Src/stm32l4xx_hal_pwr_ex.o
 .debug_frame   0x00001398      0x21c ./Drivers/STM32L4xx_HAL_Driver/Src/stm32l4xx_hal_rcc.o
 .debug_frame   0x000015b4      0x2fc ./Drivers/STM32L4xx_HAL_Driver/Src/stm32l4xx_hal_rcc_ex.o
 .debug_frame   0x000018b0     0x121c ./Drivers/STM32L4xx_HAL_Driver/Src/stm32l4xx_hal_tim.o
 .debug_frame   0x00002acc      0x6b0 ./Drivers/STM32L4xx_HAL_Driver/Src/stm32l4xx_hal_tim_ex.o
 .debug_frame   0x0000317c      0x9f4 ./Drivers/STM32L4xx_HAL_Driver/Src/stm32l4xx_hal_uart.o
 .debug_frame   0x00003b70      0xbe4 ./Middlewares/Third_Party/FreeRTOS/Source/CMSIS_RTOS_V2/cmsis_os2.o
 .debug_frame   0x00004754       0xd8 ./Middlewares/Third_Party/FreeRTOS/Source/list.o
 .debug_frame   0x0000482c      0x5ec ./Middlewares/Third_Party/FreeRTOS/Source/queue.o
 .debug_frame   0x00004e18      0x8f0 ./Middlewares/Third_Party/FreeRTOS/Source/tasks.o
 .debug_frame   0x00005708      0x400 ./Middlewares/Third_Party/FreeRTOS/Source/timers.o
 .debug_frame   0x00005b08      0x1a8 ./Middlewares/Third_Party/FreeRTOS/Source/portable/GCC/ARM_CM4F/port.o
 .debug_frame   0x00005cb0      0x12c ./Middlewares/Third_Party/FreeRTOS/Source/portable/MemMang/heap_4.o
 .debug_frame   0x00005ddc      0x144 /opt/st/stm32cubeide_2.0.0/plugins/com.st.stm32cube.ide.mcu.externaltools.gnu-tools-for-stm32.13.3.rel1.linux64_1.0.100.202509120712/tools/bin/../lib/gcc/arm-none-eabi/13.3.1/../../../../arm-none-eabi/lib/thumb/v7e-m+fp/hard/libc_nano.a(libc_a-findfp.o)
 .debug_frame   0x00005f20       0x20 /opt/st/stm32cubeide_2.0.0/plugins/com.st.stm32cube.ide.mcu.externaltools.gnu-tools-for-stm32.13.3.rel1.linux64_1.0.100.202509120712/tools/bin/../lib/gcc/arm-none-eabi/13.3.1/../../../../arm-none-eabi/lib/thumb/v7e-m+fp/hard/libc_nano.a(libc_a-memset.o)
 .debug_frame   0x00005f40       0x38 /opt/st/stm32cubeide_2.0.0/plugins/com.st.stm32cube.ide.mcu.externaltools.gnu-tools-for-stm32.13.3.rel1.linux64_1.0.100.202509120712/tools/bin/../lib/gcc/arm-none-eabi/13.3.1/../../../../arm-none-eabi/lib/thumb/v7e-m+fp/hard/libc_nano.a(libc_a-reent.o)
 .debug_frame   0x00005f78       0x2c /opt/st/stm32cubeide_2.0.0/plugins/com.st.stm32cube.ide.mcu.externaltools.gnu-tools-for-stm32.13.3.rel1.linux64_1.0.100.202509120712/tools/bin/../lib/gcc/arm-none-eabi/13.3.1/../../../../arm-none-eabi/lib/thumb/v7e-m+fp/hard/libc_nano.a(libc_a-init.o)
 .debug_frame   0x00005fa4       0xb0 /opt/st/stm32cubeide_2.0.0/plugins/com.st.stm32cube.ide.mcu.externaltools.gnu-tools-for-stm32.13.3.rel1.linux64_1.0.100.202509120712/tools/bin/../lib/gcc/arm-none-eabi/13.3.1/../../../../arm-none-eabi/lib/thumb/v7e-m+fp/hard/libc_nano.a(libc_a-lock.o)
 .debug_frame   0x00006054       0x28 /opt/st/stm32cubeide_2.0.0/plugins/com.st.stm32cube.ide.mcu.externaltools.gnu-tools-for-stm32.13.3.rel1.linux64_1.0.100.202509120712/tools/bin/../lib/gcc/arm-none-eabi/13.3.1/../../../../arm-none-eabi/lib/thumb/v7e-m+fp/hard/libc_nano.a(libc_a-memcpy-stub.o)
 .debug_frame   0x0000607c       0x38 /opt/st/stm32cubeide_2.0.0/plugins/com.st.stm32cube.ide.mcu.externaltools.gnu-tools-for-stm32.13.3.rel1.linux64_1.0.100.202509120712/tools/bin/../lib/gcc/arm-none-eabi/13.3.1/../../../../arm-none-eabi/lib/thumb/v7e-m+fp/hard/libc_nano.a(libc_a-freer.o)
 .debug_frame   0x000060b4       0x50 /opt/st/stm32cubeide_2.0.0/plugins/com.st.stm32cube.ide.mcu.externaltools.gnu-tools-for-stm32.13.3.rel1.linux64_1.0.100.202509120712/tools/bin/../lib/gcc/arm-none-eabi/13.3.1/../../../../arm-none-eabi/lib/thumb/v7e-m+fp/hard/libc_nano.a(libc_a-mallocr.o)